Component: ARM Compiler 5.06 update 6 (build 750) Tool: armlink [4d35ed]

==============================================================================

Section Cross References

    startup_stm32l152xc.o(STACK) refers (Special) to heapauxi.o(.text) for __use_two_region_memory
    startup_stm32l152xc.o(HEAP) refers (Special) to heapauxi.o(.text) for __use_two_region_memory
    startup_stm32l152xc.o(RESET) refers (Special) to heapauxi.o(.text) for __use_two_region_memory
    startup_stm32l152xc.o(RESET) refers to startup_stm32l152xc.o(STACK) for __initial_sp
    startup_stm32l152xc.o(RESET) refers to startup_stm32l152xc.o(.text) for Reset_Handler
    startup_stm32l152xc.o(RESET) refers to stm32l1xx_it.o(i.NMI_Handler) for NMI_Handler
    startup_stm32l152xc.o(RESET) refers to stm32l1xx_it.o(i.HardFault_Handler) for HardFault_Handler
    startup_stm32l152xc.o(RESET) refers to stm32l1xx_it.o(i.MemManage_Handler) for MemManage_Handler
    startup_stm32l152xc.o(RESET) refers to stm32l1xx_it.o(i.BusFault_Handler) for BusFault_Handler
    startup_stm32l152xc.o(RESET) refers to stm32l1xx_it.o(i.UsageFault_Handler) for UsageFault_Handler
    startup_stm32l152xc.o(RESET) refers to stm32l1xx_it.o(i.SVC_Handler) for SVC_Handler
    startup_stm32l152xc.o(RESET) refers to stm32l1xx_it.o(i.DebugMon_Handler) for DebugMon_Handler
    startup_stm32l152xc.o(RESET) refers to stm32l1xx_it.o(i.PendSV_Handler) for PendSV_Handler
    startup_stm32l152xc.o(RESET) refers to sys.o(i.SysTick_Handler) for SysTick_Handler
    startup_stm32l152xc.o(RESET) refers to stm32l1xx_it.o(i.EXTI1_IRQHandler) for EXTI1_IRQHandler
    startup_stm32l152xc.o(RESET) refers to stm32l1xx_it.o(i.USART2_IRQHandler) for USART2_IRQHandler
    startup_stm32l152xc.o(.text) refers (Special) to heapauxi.o(.text) for __use_two_region_memory
    startup_stm32l152xc.o(.text) refers to system_stm32l1xx.o(i.SystemInit) for SystemInit
    startup_stm32l152xc.o(.text) refers to __main.o(!!!main) for __main
    startup_stm32l152xc.o(.text) refers to startup_stm32l152xc.o(HEAP) for Heap_Mem
    startup_stm32l152xc.o(.text) refers to startup_stm32l152xc.o(STACK) for Stack_Mem
    stm32l1xx_hal.o(i.HAL_DeInit) refers to stm32l1xx_hal.o(i.HAL_MspDeInit) for HAL_MspDeInit
    stm32l1xx_hal.o(i.HAL_Delay) refers to stm32l1xx_hal.o(i.HAL_GetTick) for HAL_GetTick
    stm32l1xx_hal.o(i.HAL_GetTick) refers to stm32l1xx_hal.o(.data) for .data
    stm32l1xx_hal.o(i.HAL_IncTick) refers to stm32l1xx_hal.o(.data) for .data
    stm32l1xx_hal.o(i.HAL_Init) refers to stm32l1xx_hal_cortex.o(i.HAL_NVIC_SetPriorityGrouping) for HAL_NVIC_SetPriorityGrouping
    stm32l1xx_hal.o(i.HAL_Init) refers to stm32l1xx_hal.o(i.HAL_InitTick) for HAL_InitTick
    stm32l1xx_hal.o(i.HAL_Init) refers to stm32l1xx_hal.o(i.HAL_MspInit) for HAL_MspInit
    stm32l1xx_hal.o(i.HAL_InitTick) refers to stm32l1xx_hal_cortex.o(i.HAL_SYSTICK_Config) for HAL_SYSTICK_Config
    stm32l1xx_hal.o(i.HAL_InitTick) refers to stm32l1xx_hal_cortex.o(i.HAL_NVIC_SetPriority) for HAL_NVIC_SetPriority
    stm32l1xx_hal.o(i.HAL_InitTick) refers to system_stm32l1xx.o(.data) for SystemCoreClock
    stm32l1xx_hal_cortex.o(i.HAL_NVIC_SetPriority) refers to stm32l1xx_hal_cortex.o(i.NVIC_SetPriority) for NVIC_SetPriority
    stm32l1xx_hal_cortex.o(i.HAL_SYSTICK_Config) refers to stm32l1xx_hal_cortex.o(i.NVIC_SetPriority) for NVIC_SetPriority
    stm32l1xx_hal_cortex.o(i.HAL_SYSTICK_IRQHandler) refers to stm32l1xx_hal_cortex.o(i.HAL_SYSTICK_Callback) for HAL_SYSTICK_Callback
    stm32l1xx_hal_pwr.o(i.HAL_PWR_PVD_IRQHandler) refers to stm32l1xx_hal_pwr.o(i.HAL_PWR_PVDCallback) for HAL_PWR_PVDCallback
    stm32l1xx_hal_gpio.o(i.HAL_GPIO_EXTI_IRQHandler) refers to wifidriver.o(i.HAL_GPIO_EXTI_Callback) for HAL_GPIO_EXTI_Callback
    stm32l1xx_hal_rcc.o(i.HAL_RCC_ClockConfig) refers to stm32l1xx_hal.o(i.HAL_GetTick) for HAL_GetTick
    stm32l1xx_hal_rcc.o(i.HAL_RCC_ClockConfig) refers to stm32l1xx_hal_rcc.o(i.HAL_RCC_GetSysClockFreq) for HAL_RCC_GetSysClockFreq
    stm32l1xx_hal_rcc.o(i.HAL_RCC_ClockConfig) refers to stm32l1xx_hal.o(i.HAL_InitTick) for HAL_InitTick
    stm32l1xx_hal_rcc.o(i.HAL_RCC_ClockConfig) refers to system_stm32l1xx.o(.constdata) for AHBPrescTable
    stm32l1xx_hal_rcc.o(i.HAL_RCC_ClockConfig) refers to system_stm32l1xx.o(.data) for SystemCoreClock
    stm32l1xx_hal_rcc.o(i.HAL_RCC_DeInit) refers to system_stm32l1xx.o(.data) for SystemCoreClock
    stm32l1xx_hal_rcc.o(i.HAL_RCC_GetHCLKFreq) refers to system_stm32l1xx.o(.data) for SystemCoreClock
    stm32l1xx_hal_rcc.o(i.HAL_RCC_GetPCLK1Freq) refers to system_stm32l1xx.o(.data) for SystemCoreClock
    stm32l1xx_hal_rcc.o(i.HAL_RCC_GetPCLK1Freq) refers to system_stm32l1xx.o(.constdata) for APBPrescTable
    stm32l1xx_hal_rcc.o(i.HAL_RCC_GetPCLK2Freq) refers to system_stm32l1xx.o(.data) for SystemCoreClock
    stm32l1xx_hal_rcc.o(i.HAL_RCC_GetPCLK2Freq) refers to system_stm32l1xx.o(.constdata) for APBPrescTable
[...]
    i.Switch_DeleteInit                      0x08003e2c   Section        0  switch.o(i.Switch_DeleteInit)
    i.Switch_Init                            0x08003e58   Section        0  switch.o(i.Switch_Init)
    i.Switch_Mode                            0x08003eac   Section        0  switch.o(i.Switch_Mode)
    i.Switch_Sub                             0x08003ed4   Section        0  switch.o(i.Switch_Sub)
    i.SysTick_Get                            0x08003f00   Section        0  time.o(i.SysTick_Get)
    i.SysTick_Handler                        0x08003f0c   Section        0  sys.o(i.SysTick_Handler)
    i.SystemClock_Config                     0x08003f1c   Section        0  sys.o(i.SystemClock_Config)
    i.SystemInit                             0x08003fa4   Section        0  system_stm32l1xx.o(i.SystemInit)
    i.TIM_Base_SetConfig                     0x08003ff4   Section        0  stm32l1xx_hal_tim.o(i.TIM_Base_SetConfig)
    TIM_Base_SetConfig                       0x08003ff5   Thumb Code   100  stm32l1xx_hal_tim.o(i.TIM_Base_SetConfig)
    i.TIM_ETR_SetConfig                      0x08004070   Section        0  stm32l1xx_hal_tim.o(i.TIM_ETR_SetConfig)
    TIM_ETR_SetConfig                        0x08004071   Thumb Code    20  stm32l1xx_hal_tim.o(i.TIM_ETR_SetConfig)
    i.TIM_ITRx_SetConfig                     0x08004084   Section        0  stm32l1xx_hal_tim.o(i.TIM_ITRx_SetConfig)
    TIM_ITRx_SetConfig                       0x08004085   Thumb Code    16  stm32l1xx_hal_tim.o(i.TIM_ITRx_SetConfig)
    i.TIM_TI1_ConfigInputStage               0x08004094   Section        0  stm32l1xx_hal_tim.o(i.TIM_TI1_ConfigInputStage)
    TIM_TI1_ConfigInputStage                 0x08004095   Thumb Code    34  stm32l1xx_hal_tim.o(i.TIM_TI1_ConfigInputStage)
    i.TIM_TI2_ConfigInputStage               0x080040b6   Section        0  stm32l1xx_hal_tim.o(i.TIM_TI2_ConfigInputStage)
    TIM_TI2_ConfigInputStage                 0x080040b7   Thumb Code    36  stm32l1xx_hal_tim.o(i.TIM_TI2_ConfigInputStage)
    i.Task_MICE                              0x080040dc   Section        0  wifidriver.o(i.Task_MICE)
    i.Task_SendHeart                         0x08004370   Section        0  wifidriver.o(i.Task_SendHeart)
    i.Task_SendRealData                      0x080043e4   Section        0  wifidriver.o(i.Task_SendRealData)
    i.UART2_Init                             0x0800444c   Section        0  uartdriver.o(i.UART2_Init)
    i.UART2_SendData                         0x080044dc   Section        0  uartdriver.o(i.UART2_SendData)
    i.UART_SetConfig                         0x080044ec   Section        0  stm32l1xx_hal_uart.o(i.UART_SetConfig)
    UART_SetConfig                           0x080044ed   Thumb Code   666  stm32l1xx_hal_uart.o(i.UART_SetConfig)
    i.UART_WaitOnFlagUntilTimeout            0x0800478c   Section        0  stm32l1xx_hal_uart.o(i.UART_WaitOnFlagUntilTimeout)
    UART_WaitOnFlagUntilTimeout              0x0800478d   Thumb Code   146  stm32l1xx_hal_uart.o(i.UART_WaitOnFlagUntilTimeout)
    i.USART2_IRQHandler                      0x0800481e   Section        0  stm32l1xx_it.o(i.USART2_IRQHandler)
    i.Uart2_Handler                          0x08004824   Section        0  uartdriver.o(i.Uart2_Handler)
    i.UsageFault_Handler                     0x08004884   Section        0  stm32l1xx_it.o(i.UsageFault_Handler)
    i.WIFI_ATCmdInit                         0x08004888   Section        0  wifidriver.o(i.WIFI_ATCmdInit)
    i.WIFI_ConfigFinishDelay                 0x08004a60   Section        0  wifidriver.o(i.WIFI_ConfigFinishDelay)
    i.WIFI_FlowPath                          0x08004a7c   Section        0  wifidriver.o(i.WIFI_FlowPath)
    i.WIFI_Receive_AND_AnalysisData          0x08004ba0   Section        0  wifidriver.o(i.WIFI_Receive_AND_AnalysisData)
    i.WIFI_Receive_data                      0x08004be4   Section        0  wifidriver.o(i.WIFI_Receive_data)
    i.WIFI_Recover_ResValue                  0x08004c78   Section        0  wifidriver.o(i.WIFI_Recover_ResValue)
    i.WIFI_ResetFlow                         0x08004ca4   Section        0  wifidriver.o(i.WIFI_ResetFlow)
    i.WIFI_Send_Data                         0x08004cf0   Section        0  wifidriver.o(i.WIFI_Send_Data)
    i.WIFI_Struct_Init                       0x08004ddc   Section        0  wifidriver.o(i.WIFI_Struct_Init)
    i._Error_Handler                         0x08004df0   Section        0  uartdriver.o(i._Error_Handler)
    i.delay_Init                             0x08004df4   Section        0  delay.o(i.delay_Init)
    i.delay_ms                               0x08004e10   Section        0  delay.o(i.delay_ms)
    i.delay_us                               0x08004e2c   Section        0  delay.o(i.delay_us)
    i.fvcp                                   0x08004e60   Section        0  m8266wifidrv.o(i.fvcp)
    i.fvdnstap                               0x08004eac   Section        0  m8266wifidrv.o(i.fvdnstap)
    i.main                                   0x08004edc   Section        0  main.o(i.main)
    i.softTimer_Create                       0x08004f90   Section        0  time.o(i.softTimer_Create)
    i.softTimer_Init                         0x08004fc4   Section        0  time.o(i.softTimer_Init)
    i.softTimer_Stop                         0x08004ff0   Section        0  time.o(i.softTimer_Stop)
    i.softTimer_Update                       0x08005004   Section        0  time.o(i.softTimer_Update)
    x$fpl$d2f                                0x08005080   Section       98  d2f.o(x$fpl$d2f)
    x$fpl$dadd                               0x080050e4   Section      336  daddsub_clz.o(x$fpl$dadd)
    _dadd1                                   0x080050f5   Thumb Code     0  daddsub_clz.o(x$fpl$dadd)
    x$fpl$dcheck1                            0x08005234   Section       16  dcheck1.o(x$fpl$dcheck1)
    x$fpl$ddiv                               0x08005244   Section      688  ddiv.o(x$fpl$ddiv)
    ddiv_entry                               0x0800524b   Thumb Code     0  ddiv.o(x$fpl$ddiv)
    x$fpl$dfltu                              0x080054f4   Section       38  dflt_clz.o(x$fpl$dfltu)
    x$fpl$dmul                               0x0800551c   Section      340  dmul.o(x$fpl$dmul)
    x$fpl$dnaninf                            0x08005670   Section      156  dnaninf.o(x$fpl$dnaninf)
    x$fpl$dretinf                            0x0800570c   Section       12  dretinf.o(x$fpl$dretinf)
    x$fpl$dsub                               0x08005718   Section      468  daddsub_clz.o(x$fpl$dsub)
    _dsub1                                   0x08005729   Thumb Code     0  daddsub_clz.o(x$fpl$dsub)
    x$fpl$f2d                                0x080058ec   Section       86  f2d.o(x$fpl$f2d)
    x$fpl$ffixu                              0x08005944   Section       62  ffixu.o(x$fpl$ffixu)
    x$fpl$ffltu                              0x08005984   Section       38  fflt_clz.o(x$fpl$ffltu)
    x$fpl$fnaninf                            0x080059aa   Section      140  fnaninf.o(x$fpl$fnaninf)
    x$fpl$fretinf                            0x08005a36   Section       10  fretinf.o(x$fpl$fretinf)
    x$fpl$retnan                             0x08005a40   Section      100  retnan.o(x$fpl$retnan)
    x$fpl$scalbn                             0x08005aa4   Section       92  scalbn.o(x$fpl$scalbn)
    x$fpl$trapveneer                         0x08005b00   Section       48  trapv.o(x$fpl$trapveneer)
    .constdata                               0x08005b30   Section       25  system_stm32l1xx.o(.constdata)
    x$fpl$usenofp                            0x08005b30   Section        0  usenofp.o(x$fpl$usenofp)
    .constdata                               0x08005b49   Section        8  system_stm32l1xx.o(.constdata)
    .constdata                               0x08005b51   Section        6  protocol.o(.constdata)
    .constdata                               0x08005b58   Section       34  m8266wifidrv.o(.constdata)
    wr_status_test_data                      0x08005b58   Data           6  m8266wifidrv.o(.constdata)
    .data                                    0x20000000   Section        4  stm32l1xx_hal.o(.data)
    .data                                    0x20000004   Section        4  delay.o(.data)
    fac_us                                   0x20000004   Data           4  delay.o(.data)
    .data                                    0x20000008   Section        4  system_stm32l1xx.o(.data)
    .data                                    0x2000000c   Section        1  time.o(.data)
    i                                        0x2000000c   Data           1  time.o(.data)
    .data                                    0x20000010   Section       28  protocol.o(.data)
    .data                                    0x2000002c   Section       16  wifidriver.o(.data)
    Rnt                                      0x2000002e   Data           1  wifidriver.o(.data)
    time_cnt                                 0x20000034   Data           4  wifidriver.o(.data)
    time_heartrate                           0x20000038   Data           4  wifidriver.o(.data)
    .data                                    0x2000003c   Section       41  m8266wifidrv.o(.data)
    spi_write_need_additional_delay          0x2000003c   Data           1  m8266wifidrv.o(.data)
    module_is_fast_Module                    0x2000003d   Data           1  m8266wifidrv.o(.data)
    slow_speed_spi_on_fast_Module            0x2000003e   Data           1  m8266wifidrv.o(.data)
    SPI_DATA_TRANSFER_USE_DMA                0x2000003f   Data           1  m8266wifidrv.o(.data)
    M8266WIFI_INTERFACE_SPI                  0x20000040   Data           4  m8266wifidrv.o(.data)
    M8266WIFI_INTERFACE_SPI_TX_DMA_STREAM    0x20000044   Data           4  m8266wifidrv.o(.data)
    M8266WIFI_INTERFACE_SPI_TX_DMA           0x20000048   Data           4  m8266wifidrv.o(.data)
    M8266WIFI_INTERFACE_SPI_RX_DMA_STREAM    0x2000004c   Data           4  m8266wifidrv.o(.data)
    M8266WIFI_INTERFACE_SPI_RX_DMA           0x20000050   Data           4  m8266wifidrv.o(.data)
    module_fw_ver                            0x20000054   Data          17  m8266wifidrv.o(.data)
    .bss                                     0x20000068   Section       88  m8266hostif_stm32xx.o(.bss)
    .bss                                     0x200000c0   Section      167  uartdriver.o(.bss)
    .bss                                     0x20000168   Section      240  time.o(.bss)
    timer                                    0x20000168   Data         240  time.o(.bss)
    .bss                                     0x20000258   Section      264  protocol.o(.bss)
    RegistPack                               0x20000258   Data          16  protocol.o(.bss)
    RegistPack                               0x20000268   Data          16  protocol.o(.bss)
    RegistPack                               0x20000278   Data          48  protocol.o(.bss)
    RegistPack                               0x200002a8   Data          10  protocol.o(.bss)
    .bss                                     0x20000360   Section      240  wifidriver.o(.bss)
    .bss                                     0x20000450   Section       76  speed.o(.bss)
    .bss                                     0x2000049c   Section       68  m8266wifidrv.o(.bss)
    dma_buf                                  0x2000049c   Data          68  m8266wifidrv.o(.bss)
    .bss                                     0x200004e0   Section       96  libspace.o(.bss)
    HEAP                                     0x20000540   Section      512  startup_stm32l152xc.o(HEAP)
    Heap_Mem                                 0x20000540   Data         512  startup_stm32l152xc.o(HEAP)
    STACK                                    0x20000740   Section     3072  startup_stm32l152xc.o(STACK)
    Stack_Mem                                0x20000740   Data        3072  startup_stm32l152xc.o(STACK)
    __initial_sp                             0x20001340   Data           0  startup_stm32l152xc.o(STACK)

    Global Symbols

    Symbol Name                              Value     Ov Type        Size  Object(Section)

    BuildAttributes$$THM_ISAv4$P$D$K$B$S$PE$A:L22UL41UL21$X:L11$S22US41US21$IEEE1$IW$USESV6$~STKCKD$USESV7$~SHL$OTIME$ROPI$EBA8$UX$STANDARDLIB$REQ8$PRES8$EABIv2 0x00000000   Number         0  anon$$obj.o ABSOLUTE
    __ARM_use_no_argv                        0x00000000   Number         0  main.o ABSOLUTE
    __ARM_exceptions_init                     - Undefined Weak Reference
    __alloca_initialize                       - Undefined Weak Reference
    __arm_preinit_                            - Undefined Weak Reference
    __cpp_initialize__aeabi_                  - Undefined Weak Reference
    __cxa_finalize                            - Undefined Weak Reference
    __rt_locale                               - Undefined Weak Reference
    __sigvec_lookup                           - Undefined Weak Reference
    __user_heap_extent                        - Undefined Weak Reference
    _atexit_init                              - Undefined Weak Reference
    _call_atexit_fns                          - Undefined Weak Reference
    _clock_init                               - Undefined Weak Reference
    _fp_trap_init                             - Undefined Weak Reference
    _fp_trap_shutdown                         - Undefined Weak Reference
    _get_lc_collate                           - Undefined Weak Reference
    _get_lc_ctype                             - Undefined Weak Reference
    _get_lc_monetary                          - Undefined Weak Reference
    _get_lc_numeric                           - Undefined Weak Reference
    _get_lc_time                              - Undefined Weak Reference
    _getenv_init                              - Undefined Weak Reference
    _handle_redirection                       - Undefined Weak Reference
    _initio                                   - Undefined Weak Reference
    _mutex_acquire                            - Undefined Weak Reference
    _mutex_free                               - Undefined Weak Reference
    _mutex_release                            - Undefined Weak Reference
    _rand_init                                - Undefined Weak Reference
    _signal_finish                            - Undefined Weak Reference
    _signal_init                              - Undefined Weak Reference
    _terminateio                              - Undefined Weak Reference
    __Vectors_Size                           0x00000124   Number         0  startup_stm32l152xc.o ABSOLUTE
    __Vectors                                0x08000000   Data           4  startup_stm32l152xc.o(RESET)
    __Vectors_End                            0x08000124   Data           0  startup_stm32l152xc.o(RESET)
    __main                                   0x08000125   Thumb Code     8  __main.o(!!!main)
    __scatterload                            0x0800012d   Thumb Code     0  __scatter.o(!!!scatter)
    __scatterload_rt2                        0x0800012d   Thumb Code    44  __scatter.o(!!!scatter)
    __scatterload_rt2_thumb_only             0x0800012d   Thumb Code     0  __scatter.o(!!!scatter)
    __scatterload_null                       0x0800013b   Thumb Code     0  __scatter.o(!!!scatter)
    __scatterload_copy                       0x08000161   Thumb Code    26  __scatter_copy.o(!!handler_copy)
    __scatterload_zeroinit                   0x0800017d   Thumb Code    28  __scatter_zi.o(!!handler_zi)
    __rt_lib_init                            0x08000199   Thumb Code     0  libinit.o(.ARM.Collect$$libinit$$00000000)
    __rt_lib_init_fp_1                       0x0800019b   Thumb Code     0  libinit2.o(.ARM.Collect$$libinit$$00000002)
    __rt_lib_init_heap_2                     0x0800019b   Thumb Code     0  libinit2.o(.ARM.Collect$$libinit$$00000005)
    __rt_lib_init_preinit_1                  0x0800019b   Thumb Code     0  libinit2.o(.ARM.Collect$$libinit$$00000004)
    __rt_lib_init_alloca_1                   0x080001a3   Thumb Code     0  libinit2.o(.ARM.Collect$$libinit$$0000002E)
    __rt_lib_init_argv_1                     0x080001a3   Thumb Code     0  libinit2.o(.ARM.Collect$$libinit$$0000002C)
    __rt_lib_init_atexit_1                   0x080001a3   Thumb Code     0  libinit2.o(.ARM.Collect$$libinit$$0000001B)
    __rt_lib_init_clock_1                    0x080001a3   Thumb Code     0  libinit2.o(.ARM.Collect$$libinit$$00000021)
    __rt_lib_init_cpp_1                      0x080001a3   Thumb Code     0  libinit2.o(.ARM.Collect$$libinit$$00000032)
    __rt_lib_init_exceptions_1               0x080001a3   Thumb Code     0  libinit2.o(.ARM.Collect$$libinit$$00000030)
    __rt_lib_init_fp_trap_1                  0x080001a3   Thumb Code     0  libinit2.o(.ARM.Collect$$libinit$$0000001F)
    __rt_lib_init_getenv_1                   0x080001a3   Thumb Code     0  libinit2.o(.ARM.Collect$$libinit$$00000023)
    __rt_lib_init_heap_1                     0x080001a3   Thumb Code     0  libinit2.o(.ARM.Collect$$libinit$$0000000A)
    __rt_lib_init_lc_collate_1               0x080001a3   Thumb Code     0  libinit2.o(.ARM.Collect$$libinit$$00000011)
    __rt_lib_init_lc_ctype_1                 0x080001a3   Thumb Code     0  libinit2.o(.ARM.Collect$$libinit$$00000013)
    __rt_lib_init_lc_monetary_1              0x080001a3   Thumb Code     0  libinit2.o(.ARM.Collect$$libinit$$00000015)
    __rt_lib_init_lc_numeric_1               0x080001a3   Thumb Code     0  libinit2.o(.ARM.Collect$$libinit$$00000017)
    __rt_lib_init_lc_time_1                  0x080001a3   Thumb Code     0  libinit2.o(.ARM.Collect$$libinit$$00000019)
    __rt_lib_init_rand_1                     0x080001a3   Thumb Code     0  libinit2.o(.ARM.Collect$$libinit$$0000000E)
    __rt_lib_init_return                     0x080001a3   Thumb Code     0  libinit2.o(.ARM.Collect$$libinit$$00000033)
    __rt_lib_init_signal_1                   0x080001a3   Thumb Code     0  libinit2.o(.ARM.Collect$$libinit$$0000001D)
    __rt_lib_init_stdio_1                    0x080001a3   Thumb Code     0  libinit2.o(.ARM.Collect$$libinit$$00000025)
    __rt_lib_init_user_alloc_1               0x080001a3   Thumb Code     0  libinit2.o(.ARM.Collect$$libinit$$0000000C)
    __rt_lib_shutdown                        0x080001a5   Thumb Code     0  libshutdown.o(.ARM.Collect$$libshutdown$$00000000)
    __rt_lib_shutdown_cpp_1                  0x080001a7   Thumb Code     0  libshutdown2.o(.ARM.Collect$$libshutdown$$00000002)
    __rt_lib_shutdown_fp_trap_1              0x080001a7   Thumb Code     0  libshutdown2.o(.ARM.Collect$$libshutdown$$00000007)
    __rt_lib_shutdown_heap_1                 0x080001a7   Thumb Code     0  libshutdown2.o(.ARM.Collect$$libshutdown$$0000000F)
    __rt_lib_shutdown_return                 0x080001a7   Thumb Code     0  libshutdown2.o(.ARM.Collect$$libshutdown$$00000010)
    __rt_lib_shutdown_signal_1               0x080001a7   Thumb Code     0  libshutdown2.o(.ARM.Collect$$libshutdown$$0000000A)
    __rt_lib_shutdown_stdio_1                0x080001a7   Thumb Code     0  libshutdown2.o(.ARM.Collect$$libshutdown$$00000004)
    __rt_lib_shutdown_user_alloc_1           0x080001a7   Thumb Code     0  libshutdown2.o(.ARM.Collect$$libshutdown$$0000000C)
    __rt_entry                               0x080001a9   Thumb Code     0  __rtentry.o(.ARM.Collect$$rtentry$$00000000)
    __rt_entry_presh_1                       0x080001a9   Thumb Code     0  __rtentry2.o(.ARM.Collect$$rtentry$$00000002)
    __rt_entry_sh                            0x080001a9   Thumb Code     0  __rtentry4.o(.ARM.Collect$$rtentry$$00000004)
    __rt_entry_li                            0x080001af   Thumb Code     0  __rtentry2.o(.ARM.Collect$$rtentry$$0000000A)
    __rt_entry_postsh_1                      0x080001af   Thumb Code     0  __rtentry2.o(.ARM.Collect$$rtentry$$00000009)
    __rt_entry_main                          0x080001b3   Thumb Code     0  __rtentry2.o(.ARM.Collect$$rtentry$$0000000D)
    __rt_entry_postli_1                      0x080001b3   Thumb Code     0  __rtentry2.o(.ARM.Collect$$rtentry$$0000000C)
    __rt_exit                                0x080001bb   Thumb Code     0  rtexit.o(.ARM.Collect$$rtexit$$00000000)
    __rt_exit_ls                             0x080001bd   Thumb Code     0  rtexit2.o(.ARM.Collect$$rtexit$$00000003)
    __rt_exit_prels_1                        0x080001bd   Thumb Code     0  rtexit2.o(.ARM.Collect$$rtexit$$00000002)
    __rt_exit_exit                           0x080001c1   Thumb Code     0  rtexit2.o(.ARM.Collect$$rtexit$$00000004)
    Reset_Handler                            0x080001c9   Thumb Code     8  startup_stm32l152xc.o(.text)
    _maybe_terminate_alloc                   0x080001c9   Thumb Code     0  maybetermalloc1.o(.emb_text)
    ADC1_IRQHandler                          0x080001e3   Thumb Code     0  startup_stm32l152xc.o(.text)
    COMP_ACQ_IRQHandler                      0x080001e3   Thumb Code     0  startup_stm32l152xc.o(.text)
    COMP_IRQHandler                          0x080001e3   Thumb Code     0  startup_stm32l152xc.o(.text)
    DAC_IRQHandler                           0x080001e3   Thumb Code     0  startup_stm32l152xc.o(.text)
    DMA1_Channel1_IRQHandler                 0x080001e3   Thumb Code     0  startup_stm32l152xc.o(.text)
    DMA1_Channel2_IRQHandler                 0x080001e3   Thumb Code     0  startup_stm32l152xc.o(.text)
    DMA1_Channel3_IRQHandler                 0x080001e3   Thumb Code     0  startup_stm32l152xc.o(.text)
    DMA1_Channel4_IRQHandler                 0x080001e3   Thumb Code     0  startup_stm32l152xc.o(.text)
    DMA1_Channel5_IRQHandler                 0x080001e3   Thumb Code     0  startup_stm32l152xc.o(.text)
    DMA1_Channel6_IRQHandler                 0x080001e3   Thumb Code     0  startup_stm32l152xc.o(.text)
    DMA1_Channel7_IRQHandler                 0x080001e3   Thumb Code     0  startup_stm32l152xc.o(.text)
    DMA2_Channel1_IRQHandler                 0x080001e3   Thumb Code     0  startup_stm32l152xc.o(.text)
    DMA2_Channel2_IRQHandler                 0x080001e3   Thumb Code     0  startup_stm32l152xc.o(.text)
    DMA2_Channel3_IRQHandler                 0x080001e3   Thumb Code     0  startup_stm32l152xc.o(.text)
    DMA2_Channel4_IRQHandler                 0x080001e3   Thumb Code     0  startup_stm32l152xc.o(.text)
    DMA2_Channel5_IRQHandler                 0x080001e3   Thumb Code     0  startup_stm32l152xc.o(.text)
    EXTI0_IRQHandler                         0x080001e3   Thumb Code     0  startup_stm32l152xc.o(.text)
    EXTI15_10_IRQHandler                     0x080001e3   Thumb Code     0  startup_stm32l152xc.o(.text)
    EXTI2_IRQHandler                         0x080001e3   Thumb Code     0  startup_stm32l152xc.o(.text)
    EXTI3_IRQHandler                         0x080001e3   Thumb Code     0  startup_stm32l152xc.o(.text)
    EXTI4_IRQHandler                         0x080001e3   Thumb Code     0  startup_stm32l152xc.o(.text)
    EXTI9_5_IRQHandler                       0x080001e3   Thumb Code     0  startup_stm32l152xc.o(.text)
    FLASH_IRQHandler                         0x080001e3   Thumb Code     0  startup_stm32l152xc.o(.text)
    I2C1_ER_IRQHandler                       0x080001e3   Thumb Code     0  startup_stm32l152xc.o(.text)
    I2C1_EV_IRQHandler                       0x080001e3   Thumb Code     0  startup_stm32l152xc.o(.text)
    I2C2_ER_IRQHandler                       0x080001e3   Thumb Code     0  startup_stm32l152xc.o(.text)
    I2C2_EV_IRQHandler                       0x080001e3   Thumb Code     0  startup_stm32l152xc.o(.text)
    PVD_IRQHandler                           0x080001e3   Thumb Code     0  startup_stm32l152xc.o(.text)
    RCC_IRQHandler                           0x080001e3   Thumb Code     0  startup_stm32l152xc.o(.text)
    RTC_Alarm_IRQHandler                     0x080001e3   Thumb Code     0  startup_stm32l152xc.o(.text)
    RTC_WKUP_IRQHandler                      0x080001e3   Thumb Code     0  startup_stm32l152xc.o(.text)
    SPI1_IRQHandler                          0x080001e3   Thumb Code     0  startup_stm32l152xc.o(.text)
    SPI2_IRQHandler                          0x080001e3   Thumb Code     0  startup_stm32l152xc.o(.text)
    SPI3_IRQHandler                          0x080001e3   Thumb Code     0  startup_stm32l152xc.o(.text)
    TAMPER_STAMP_IRQHandler                  0x080001e3   Thumb Code     0  startup_stm32l152xc.o(.text)
    TIM10_IRQHandler                         0x080001e3   Thumb Code     0  startup_stm32l152xc.o(.text)
    TIM11_IRQHandler                         0x080001e3   Thumb Code     0  startup_stm32l152xc.o(.text)
    TIM2_IRQHandler                          0x080001e3   Thumb Code     0  startup_stm32l152xc.o(.text)
    TIM3_IRQHandler                          0x080001e3   Thumb Code     0  startup_stm32l152xc.o(.text)
    TIM4_IRQHandler                          0x080001e3   Thumb Code     0  startup_stm32l152xc.o(.text)
    TIM5_IRQHandler                          0x080001e3   Thumb Code     0  startup_stm32l152xc.o(.text)
    TIM6_IRQHandler                          0x080001e3   Thumb Code     0  startup_stm32l152xc.o(.text)
    TIM7_IRQHandler                          0x080001e3   Thumb Code     0  startup_stm32l152xc.o(.text)
    TIM9_IRQHandler                          0x080001e3   Thumb Code     0  startup_stm32l152xc.o(.text)
    USART1_IRQHandler                        0x080001e3   Thumb Code     0  startup_stm32l152xc.o(.text)
    USART3_IRQHandler                        0x080001e3   Thumb Code     0  startup_stm32l152xc.o(.text)
    USB_FS_WKUP_IRQHandler                   0x080001e3   Thumb Code     0  startup_stm32l152xc.o(.text)
    USB_HP_IRQHandler                        0x080001e3   Thumb Code     0  startup_stm32l152xc.o(.text)
    USB_LP_IRQHandler                        0x080001e3   Thumb Code     0  startup_stm32l152xc.o(.text)
    WWDG_IRQHandler                          0x080001e3   Thumb Code     0  startup_stm32l152xc.o(.text)
    __user_initial_stackheap                 0x080001e5   Thumb Code     0  startup_stm32l152xc.o(.text)
    malloc                                   0x08000209   Thumb Code    94  h1_alloc.o(.text)
    free                                     0x08000267   Thumb Code    78  h1_free.o(.text)
    __aeabi_memclr                           0x080002b5   Thumb Code     0  rt_memclr.o(.text)
    __rt_memclr                              0x080002b5   Thumb Code    68  rt_memclr.o(.text)
    _memset                                  0x080002b9   Thumb Code     0  rt_memclr.o(.text)
    __aeabi_memclr4                          0x080002f9   Thumb Code     0  rt_memclr_w.o(.text)
    __aeabi_memclr8                          0x080002f9   Thumb Code     0  rt_memclr_w.o(.text)
    __rt_memclr_w                            0x080002f9   Thumb Code    78  rt_memclr_w.o(.text)
    _memset_w                                0x080002fd   Thumb Code     0  rt_memclr_w.o(.text)
    strcmp                                   0x08000349   Thumb Code   128  strcmpv7m.o(.text)
    __use_two_region_memory                  0x080003c9   Thumb Code     2  heapauxi.o(.text)
    __rt_heap_escrow                         0x080003cb   Thumb Code     2  heapauxi.o(.text)
    __rt_heap_expand                         0x080003cd   Thumb Code     2  heapauxi.o(.text)
    __rt_heap_descriptor                     0x080003d1   Thumb Code     8  rt_heap_descriptor_intlibspace.o(.text)
    __use_no_heap                            0x080003d9   Thumb Code     2  hguard.o(.text)
    __heap$guard                             0x080003db   Thumb Code     2  hguard.o(.text)
    _terminate_user_alloc                    0x080003dd   Thumb Code     2  init_alloc.o(.text)
    _init_user_alloc                         0x080003df   Thumb Code     2  init_alloc.o(.text)
    __Heap_Full                              0x080003e1   Thumb Code    34  init_alloc.o(.text)
    __Heap_Broken                            0x08000403   Thumb Code     6  init_alloc.o(.text)
    _init_alloc                              0x08000409   Thumb Code    94  init_alloc.o(.text)
    __Heap_Initialize                        0x08000467   Thumb Code    10  h1_init.o(.text)
    __Heap_DescSize                          0x08000471   Thumb Code     4  h1_init.o(.text)
    __user_libspace                          0x08000475   Thumb Code     8  libspace.o(.text)
    __user_perproc_libspace                  0x08000475   Thumb Code     0  libspace.o(.text)
    __user_perthread_libspace                0x08000475   Thumb Code     0  libspace.o(.text)
    __Heap_ProvideMemory                     0x0800047d   Thumb Code    52  h1_extend.o(.text)
    __rt_SIGRTMEM                            0x080004b1   Thumb Code    14  defsig_rtmem_outer.o(.text)
    __I$use$semihosting                      0x080004bf   Thumb Code     0  use_no_semi.o(.text)
    __use_no_semihosting_swi                 0x080004bf   Thumb Code     2  use_no_semi.o(.text)
    __semihosting_library_function           0x080004c1   Thumb Code     0  indicate_semi.o(.text)
    __user_setup_stackheap                   0x080004c1   Thumb Code    74  sys_stackheap_outer.o(.text)
    exit                                     0x0800050b   Thumb Code    18  exit.o(.text)
    __sig_exit                               0x0800051d   Thumb Code    10  defsig_exit.o(.text)
    __rt_SIGRTMEM_inner                      0x08000529   Thumb Code    22  defsig_rtmem_inner.o(.text)
    _sys_exit                                0x08000579   Thumb Code     8  sys_exit.o(.text)
    __default_signal_display                 0x08000585   Thumb Code    50  defsig_general.o(.text)
    _ttywrch                                 0x080005b7   Thumb Code    14  sys_wrch.o(.text)
    BusFault_Handler                         0x080005c5   Thumb Code     2  stm32l1xx_it.o(i.BusFault_Handler)
    DebugMon_Handler                         0x080005c7   Thumb Code     2  stm32l1xx_it.o(i.DebugMon_Handler)
    EXTI1_IRQHandler                         0x080005c9   Thumb Code     6  stm32l1xx_it.o(i.EXTI1_IRQHandler)
    HAL_GPIO_EXTI_Callback                   0x080005d1   Thumb Code    14  wifidriver.o(i.HAL_GPIO_EXTI_Callback)
    HAL_GPIO_EXTI_IRQHandler                 0x080005e5   Thumb Code    18  stm32l1xx_hal_gpio.o(i.HAL_GPIO_EXTI_IRQHandler)
    HAL_GPIO_Init                            0x080005fd   Thumb Code   370  stm32l1xx_hal_gpio.o(i.HAL_GPIO_Init)
    HAL_GPIO_WritePin                        0x08000791   Thumb Code    10  stm32l1xx_hal_gpio.o(i.HAL_GPIO_WritePin)
    HAL_GetTick                              0x0800079d   Thumb Code     6  stm32l1xx_hal.o(i.HAL_GetTick)
    HAL_IncTick                              0x080007a9   Thumb Code    10  stm32l1xx_hal.o(i.HAL_IncTick)
    HAL_Init                                 0x080007b9   Thumb Code    40  stm32l1xx_hal.o(i.HAL_Init)
    HAL_InitTick                             0x080007e5   Thumb Code    34  stm32l1xx_hal.o(i.HAL_InitTick)
    HAL_MspInit                              0x0800080d   Thumb Code     2  stm32l1xx_hal.o(i.HAL_MspInit)
    HAL_NVIC_EnableIRQ                       0x0800080f   Thumb Code    22  stm32l1xx_hal_cortex.o(i.HAL_NVIC_EnableIRQ)
    HAL_NVIC_SetPriority                     0x08000825   Thumb Code    60  stm32l1xx_hal_cortex.o(i.HAL_NVIC_SetPriority)
    HAL_NVIC_SetPriorityGrouping             0x08000865   Thumb Code    26  stm32l1xx_hal_cortex.o(i.HAL_NVIC_SetPriorityGrouping)
    HAL_RCC_ClockConfig                      0x08000889   Thumb Code   444  stm32l1xx_hal_rcc.o(i.HAL_RCC_ClockConfig)
    HAL_RCC_GetHCLKFreq                      0x08000a55   Thumb Code     6  stm32l1xx_hal_rcc.o(i.HAL_RCC_GetHCLKFreq)
    HAL_RCC_GetPCLK1Freq                     0x08000a61   Thumb Code    34  stm32l1xx_hal_rcc.o(i.HAL_RCC_GetPCLK1Freq)
    HAL_RCC_GetPCLK2Freq                     0x08000a91   Thumb Code    34  stm32l1xx_hal_rcc.o(i.HAL_RCC_GetPCLK2Freq)
    HAL_RCC_GetSysClockFreq                  0x08000ac1   Thumb Code   122  stm32l1xx_hal_rcc.o(i.HAL_RCC_GetSysClockFreq)
    HAL_RCC_OscConfig                        0x08000b4d   Thumb Code  1840  stm32l1xx_hal_rcc.o(i.HAL_RCC_OscConfig)
    HAL_SPI_Init                             0x08001285   Thumb Code   132  stm32l1xx_hal_spi_ex.o(i.HAL_SPI_Init)
    HAL_SPI_MspInit                          0x08001309   Thumb Code     2  stm32l1xx_hal_spi.o(i.HAL_SPI_MspInit)
    HAL_SYSTICK_Callback                     0x0800130b   Thumb Code     2  stm32l1xx_hal_cortex.o(i.HAL_SYSTICK_Callback)
    HAL_SYSTICK_Config                       0x0800130d   Thumb Code    40  stm32l1xx_hal_cortex.o(i.HAL_SYSTICK_Config)
    HAL_SYSTICK_IRQHandler                   0x08001335   Thumb Code     8  stm32l1xx_hal_cortex.o(i.HAL_SYSTICK_IRQHandler)
    HAL_TIMEx_MasterConfigSynchronization    0x0800133d   Thumb Code    80  stm32l1xx_hal_tim_ex.o(i.HAL_TIMEx_MasterConfigSynchronization)
    HAL_TIM_Base_Init                        0x0800138d   Thumb Code    54  stm32l1xx_hal_tim.o(i.HAL_TIM_Base_Init)
    HAL_TIM_Base_MspInit                     0x080013c5   Thumb Code    58  speed.o(i.HAL_TIM_Base_MspInit)
    HAL_TIM_Base_Start                       0x08001409   Thumb Code    26  stm32l1xx_hal_tim.o(i.HAL_TIM_Base_Start)
    HAL_TIM_ConfigClockSource                0x08001423   Thumb Code   240  stm32l1xx_hal_tim.o(i.HAL_TIM_ConfigClockSource)
    HAL_UART_Init                            0x08001513   Thumb Code    94  stm32l1xx_hal_uart.o(i.HAL_UART_Init)
    HAL_UART_MspInit                         0x08001571   Thumb Code    62  stm32l1xx_hal_uart.o(i.HAL_UART_MspInit)
    HAL_UART_Transmit                        0x080015bd   Thumb Code   200  stm32l1xx_hal_uart.o(i.HAL_UART_Transmit)
    HardFault_Handler                        0x08001685   Thumb Code     2  stm32l1xx_it.o(i.HardFault_Handler)
    IntToHexChar                             0x08001687   Thumb Code    56  protocol.o(i.IntToHexChar)
    M8266HostIf_GPIO_CS_RESET_Init           0x080016c1   Thumb Code    94  m8266hostif_stm32xx.o(i.M8266HostIf_GPIO_CS_RESET_Init)
    M8266HostIf_Init                         0x08001729   Thumb Code    14  m8266hostif_stm32xx.o(i.M8266HostIf_Init)
    M8266HostIf_SPI_DMA_StartReceiveSendData 0x08001739   Thumb Code    90  m8266wifidrv.o(i.M8266HostIf_SPI_DMA_StartReceiveSendData)
    M8266HostIf_SPI_Init                     0x0800179d   Thumb Code   136  m8266hostif_stm32xx.o(i.M8266HostIf_SPI_Init)
    M8266HostIf_SPI_Select                   0x08001835   Thumb Code   192  m8266wifidrv.o(i.M8266HostIf_SPI_Select)
    M8266HostIf_SPI_SetSpeed                 0x08001909   Thumb Code    46  m8266hostif_stm32xx.o(i.M8266HostIf_SPI_SetSpeed)
    M8266HostIf_SPI_rrs                      0x0800193d   Thumb Code    18  m8266wifidrv.o(i.M8266HostIf_SPI_rrs)
    M8266HostIf_SPI_wrs                      0x08001955   Thumb Code    44  m8266wifidrv.o(i.M8266HostIf_SPI_wrs)
    M8266HostIf_Set_SPI_nCS_Pin              0x08001985   Thumb Code    18  m8266hostif_stm32xx.o(i.M8266HostIf_Set_SPI_nCS_Pin)
    M8266HostIf_Set_nRESET_Pin               0x0800199d   Thumb Code    16  m8266hostif_stm32xx.o(i.M8266HostIf_Set_nRESET_Pin)
    M8266HostIf_delay_us                     0x080019b1   Thumb Code     4  m8266hostif_stm32xx.o(i.M8266HostIf_delay_us)
    M8266WIFI_Module_Hardware_Reset          0x080019b5   Thumb Code    58  m8266wifi_ops.o(i.M8266WIFI_Module_Hardware_Reset)
    M8266WIFI_Module_Init_Via_SPI            0x080019f1   Thumb Code   102  m8266wifi_ops.o(i.M8266WIFI_Module_Init_Via_SPI)
    M8266WIFI_Module_delay_ms                0x08001a65   Thumb Code    34  m8266wifi_ops.o(i.M8266WIFI_Module_delay_ms)
    M8266WIFI_SPI_Config_STA_Param           0x08001a87   Thumb Code    22  m8266wifidrv.o(i.M8266WIFI_SPI_Config_STA_Param)
    M8266WIFI_SPI_Delete_Connection          0x08001a9d   Thumb Code    18  m8266wifidrv.o(i.M8266WIFI_SPI_Delete_Connection)
    M8266WIFI_SPI_Get_Module_Info            0x08001aaf   Thumb Code   170  m8266wifidrv.o(i.M8266WIFI_SPI_Get_Module_Info)
    M8266WIFI_SPI_Get_Opmode                 0x08001b59   Thumb Code   102  m8266wifidrv.o(i.M8266WIFI_SPI_Get_Opmode)
    M8266WIFI_SPI_Get_STA_Connection_Status  0x08001bbf   Thumb Code   108  m8266wifidrv.o(i.M8266WIFI_SPI_Get_STA_Connection_Status)
    M8266WIFI_SPI_Get_STA_IP_Addr            0x08001c2b   Thumb Code   124  m8266wifidrv.o(i.M8266WIFI_SPI_Get_STA_IP_Addr)
    M8266WIFI_SPI_Has_DataReceived           0x08001ca7   Thumb Code    22  m8266wifidrv.o(i.M8266WIFI_SPI_Has_DataReceived)
    M8266WIFI_SPI_Interface_Communication_OK 0x08001cbd   Thumb Code    66  m8266wifidrv.o(i.M8266WIFI_SPI_Interface_Communication_OK)
    M8266WIFI_SPI_Interface_Communication_Stress_Test 0x08001d05   Thumb Code    98  m8266wifidrv.o(i.M8266WIFI_SPI_Interface_Communication_Stress_Test)
    M8266WIFI_SPI_Query_Connection           0x08001d67   Thumb Code   230  m8266wifidrv.o(i.M8266WIFI_SPI_Query_Connection)
    M8266WIFI_SPI_Recv                       0x08001e4d   Thumb Code   522  m8266wifidrv.o(i.M8266WIFI_SPI_Recv)
    M8266WIFI_SPI_RecvData                   0x08002065   Thumb Code    28  m8266wifidrv.o(i.M8266WIFI_SPI_RecvData)
    M8266WIFI_SPI_STA_Connect_Ap             0x08002081   Thumb Code   436  m8266wifidrv.o(i.M8266WIFI_SPI_STA_Connect_Ap)
    M8266WIFI_SPI_STA_Connect_Ap_Old         0x08002241   Thumb Code   386  m8266wifidrv.o(i.M8266WIFI_SPI_STA_Connect_Ap_Old)
    M8266WIFI_SPI_Send_Data                  0x080023c3   Thumb Code    18  m8266wifidrv.o(i.M8266WIFI_SPI_Send_Data)
    M8266WIFI_SPI_Set_Opmode                 0x080023d5   Thumb Code   142  m8266wifidrv.o(i.M8266WIFI_SPI_Set_Opmode)
    M8266WIFI_SPI_Setup_Connection           0x08002465   Thumb Code   512  m8266wifidrv.o(i.M8266WIFI_SPI_Setup_Connection)
    M8266WIFI_SPI_Slave_Has_Response         0x08002679   Thumb Code    22  m8266wifidrv.o(i.M8266WIFI_SPI_Slave_Has_Response)
    M8266WIFI_SPI_Status_Start_To_Rxd_Has_Been_Cleared 0x0800268f   Thumb Code    22  m8266wifidrv.o(i.M8266WIFI_SPI_Status_Start_To_Rxd_Has_Been_Cleared)
    M8266WIFI_SPI_TxdBuffer_Free             0x080026a5   Thumb Code    22  m8266wifidrv.o(i.M8266WIFI_SPI_TxdBuffer_Free)
    M8266WIFI_SPI_capstp                     0x080026bd   Thumb Code   224  m8266wifidrv.o(i.M8266WIFI_SPI_capstp)
    M8266WIFI_SPI_csb                        0x080027a5   Thumb Code    88  m8266wifidrv.o(i.M8266WIFI_SPI_csb)
    M8266WIFI_SPI_dlodc                      0x080027fd   Thumb Code   360  m8266wifidrv.o(i.M8266WIFI_SPI_dlodc)
    M8266WIFI_SPI_qacal                      0x08002965   Thumb Code   238  m8266wifidrv.o(i.M8266WIFI_SPI_qacal)
    M8266WIFI_SPI_rra                        0x08002a53   Thumb Code    32  m8266wifidrv.o(i.M8266WIFI_SPI_rra)
    M8266WIFI_SPI_rru                        0x08002a73   Thumb Code    66  m8266wifidrv.o(i.M8266WIFI_SPI_rru)
    M8266WIFI_SPI_rrud                       0x08002ab5   Thumb Code    68  m8266wifidrv.o(i.M8266WIFI_SPI_rrud)
    M8266WIFI_SPI_sbis                       0x08002afd   Thumb Code    28  m8266wifidrv.o(i.M8266WIFI_SPI_sbis)
    M8266WIFI_SPI_sdfal                      0x08002b19   Thumb Code   558  m8266wifidrv.o(i.M8266WIFI_SPI_sdfal)
    M8266WIFI_SPI_srh                        0x08002d55   Thumb Code   284  m8266wifidrv.o(i.M8266WIFI_SPI_srh)
    M8266WIFI_SPI_ssa                        0x08002e79   Thumb Code    32  m8266wifidrv.o(i.M8266WIFI_SPI_ssa)
    M8266WIFI_SPI_ssb                        0x08002e99   Thumb Code   116  m8266wifidrv.o(i.M8266WIFI_SPI_ssb)
    M8266WIFI_SPI_ssmd                       0x08002f0d   Thumb Code   154  m8266wifidrv.o(i.M8266WIFI_SPI_ssmd)
    M8266WIFI_SPI_ssu                        0x08002fad   Thumb Code    72  m8266wifidrv.o(i.M8266WIFI_SPI_ssu)
    M8266WIFI_SPI_ssud                       0x08002ff9   Thumb Code    66  m8266wifidrv.o(i.M8266WIFI_SPI_ssud)
    M8266WIFI_SPI_ssut                       0x08003041   Thumb Code    72  m8266wifidrv.o(i.M8266WIFI_SPI_ssut)
    M8266WIFI_SPI_tufs                       0x0800308d   Thumb Code    22  m8266wifidrv.o(i.M8266WIFI_SPI_tufs)
    M8266WIFI_SPI_wait_sta_connecting_to_ap_and_get_ip 0x080030a5   Thumb Code    68  m8266wifi_ops.o(i.M8266WIFI_SPI_wait_sta_connecting_to_ap_and_get_ip)
    M8266WIFI_SPI_wsbsbs1                    0x080030f1   Thumb Code    58  m8266wifidrv.o(i.M8266WIFI_SPI_wsbsbs1)
    M8266WIFI_SPI_wscbf                      0x0800312b   Thumb Code    66  m8266wifidrv.o(i.M8266WIFI_SPI_wscbf)
    M8266WIFI_SPI_wscr                       0x0800316d   Thumb Code    76  m8266wifidrv.o(i.M8266WIFI_SPI_wscr)
    M8266WIFI_SPI_wspsr                      0x080031b9   Thumb Code    84  m8266wifidrv.o(i.M8266WIFI_SPI_wspsr)
    M8266WIFI_SPI_wspss                      0x0800320d   Thumb Code    84  m8266wifidrv.o(i.M8266WIFI_SPI_wspss)
    M8266WIFI_SPI_wsscbhud                   0x08003261   Thumb Code    62  m8266wifidrv.o(i.M8266WIFI_SPI_wsscbhud)
    M8266WIFI_SPI_wsscrhd                    0x0800329f   Thumb Code    68  m8266wifidrv.o(i.M8266WIFI_SPI_wsscrhd)
    M8266WIFI_Wait_SPI_sfad                  0x080032e3   Thumb Code    64  m8266wifidrv.o(i.M8266WIFI_Wait_SPI_sfad)
    MX_GPIO_Init                             0x08003325   Thumb Code    78  wifidriver.o(i.MX_GPIO_Init)
    MX_TIM2_Init                             0x08003381   Thumb Code   136  speed.o(i.MX_TIM2_Init)
    MemManage_Handler                        0x08003419   Thumb Code     2  stm32l1xx_it.o(i.MemManage_Handler)
    NMI_Handler                              0x0800341b   Thumb Code     2  stm32l1xx_it.o(i.NMI_Handler)
    PROTOCOL_CreateHeartPack                 0x0800343d   Thumb Code    58  protocol.o(i.PROTOCOL_CreateHeartPack)
    PROTOCOL_CreatePrescriptionFinshPack     0x08003481   Thumb Code    50  protocol.o(i.PROTOCOL_CreatePrescriptionFinshPack)
    PROTOCOL_CreateRealDataPack              0x080034bd   Thumb Code   336  protocol.o(i.PROTOCOL_CreateRealDataPack)
    PROTOCOL_CreateRegistPack                0x0800363d   Thumb Code    60  protocol.o(i.PROTOCOL_CreateRegistPack)
    PROTOCOL_PackedData                      0x08003681   Thumb Code    84  protocol.o(i.PROTOCOL_PackedData)
    PROTOCOL_ParseCode                       0x080036d9   Thumb Code   126  protocol.o(i.PROTOCOL_ParseCode)
    PROTOCOL_ParseDI                         0x08003761   Thumb Code   734  protocol.o(i.PROTOCOL_ParseDI)
    PROTOCOL_StructInit                      0x08003b31   Thumb Code    64  protocol.o(i.PROTOCOL_StructInit)
    PendSV_Handler                           0x08003b79   Thumb Code     2  stm32l1xx_it.o(i.PendSV_Handler)
    PrintfHexChar                            0x08003b7b   Thumb Code    58  uartdriver.o(i.PrintfHexChar)
    SPI_STA_Get_HostIP_by_HostName           0x08003c35   Thumb Code   364  m8266wifidrv.o(i.SPI_STA_Get_HostIP_by_HostName)
    SVC_Handler                              0x08003db9   Thumb Code     2  stm32l1xx_it.o(i.SVC_Handler)
    Speed_calculate                          0x08003dbd   Thumb Code    64  speed.o(i.Speed_calculate)
    Switch_Add                               0x08003e01   Thumb Code    38  switch.o(i.Switch_Add)
    Switch_DeleteInit                        0x08003e2d   Thumb Code    40  switch.o(i.Switch_DeleteInit)
    Switch_Init                              0x08003e59   Thumb Code    76  switch.o(i.Switch_Init)
    Switch_Mode                              0x08003ead   Thumb Code    36  switch.o(i.Switch_Mode)
    Switch_Sub                               0x08003ed5   Thumb Code    38  switch.o(i.Switch_Sub)
    SysTick_Get                              0x08003f01   Thumb Code     6  time.o(i.SysTick_Get)
    SysTick_Handler                          0x08003f0d   Thumb Code    14  sys.o(i.SysTick_Handler)
    SystemClock_Config                       0x08003f1d   Thumb Code   128  sys.o(i.SystemClock_Config)
    SystemInit                               0x08003fa5   Thumb Code    62  system_stm32l1xx.o(i.SystemInit)
    Task_MICE                                0x080040dd   Thumb Code   474  wifidriver.o(i.Task_MICE)
    Task_SendHeart                           0x08004371   Thumb Code    86  wifidriver.o(i.Task_SendHeart)
    Task_SendRealData                        0x080043e5   Thumb Code    70  wifidriver.o(i.Task_SendRealData)
    UART2_Init                               0x0800444d   Thumb Code   132  uartdriver.o(i.UART2_Init)
    UART2_SendData                           0x080044dd   Thumb Code    12  uartdriver.o(i.UART2_SendData)
    USART2_IRQHandler                        0x0800481f   Thumb Code     4  stm32l1xx_it.o(i.USART2_IRQHandler)
    Uart2_Handler                            0x08004825   Thumb Code    84  uartdriver.o(i.Uart2_Handler)
    UsageFault_Handler                       0x08004885   Thumb Code     2  stm32l1xx_it.o(i.UsageFault_Handler)
    WIFI_ATCmdInit                           0x08004889   Thumb Code   244  wifidriver.o(i.WIFI_ATCmdInit)
    WIFI_ConfigFinishDelay                   0x08004a61   Thumb Code    22  wifidriver.o(i.WIFI_ConfigFinishDelay)
    WIFI_FlowPath                            0x08004a7d   Thumb Code   188  wifidriver.o(i.WIFI_FlowPath)
    WIFI_Receive_AND_AnalysisData            0x08004ba1   Thumb Code    62  wifidriver.o(i.WIFI_Receive_AND_AnalysisData)
    WIFI_Receive_data                        0x08004be5   Thumb Code   102  wifidriver.o(i.WIFI_Receive_data)
    WIFI_Recover_ResValue                    0x08004c79   Thumb Code    38  wifidriver.o(i.WIFI_Recover_ResValue)
    WIFI_ResetFlow                           0x08004ca5   Thumb Code    54  wifidriver.o(i.WIFI_ResetFlow)
    WIFI_Send_Data                           0x08004cf1   Thumb Code   182  wifidriver.o(i.WIFI_Send_Data)
    WIFI_Struct_Init                         0x08004ddd   Thumb Code    14  wifidriver.o(i.WIFI_Struct_Init)
    _Error_Handler                           0x08004df1   Thumb Code     2  uartdriver.o(i._Error_Handler)
    delay_Init                               0x08004df5   Thumb Code    18  delay.o(i.delay_Init)
    delay_ms                                 0x08004e11   Thumb Code    26  delay.o(i.delay_ms)
    delay_us                                 0x08004e2d   Thumb Code    48  delay.o(i.delay_us)
    fvcp                                     0x08004e61   Thumb Code    76  m8266wifidrv.o(i.fvcp)
    fvdnstap                                 0x08004ead   Thumb Code    44  m8266wifidrv.o(i.fvdnstap)
    main                                     0x08004edd   Thumb Code   120  main.o(i.main)
    softTimer_Create                         0x08004f91   Thumb Code    44  time.o(i.softTimer_Create)
    softTimer_Init                           0x08004fc5   Thumb Code    40  time.o(i.softTimer_Init)
    softTimer_Stop                           0x08004ff1   Thumb Code    14  time.o(i.softTimer_Stop)
    softTimer_Update                         0x08005005   Thumb Code   110  time.o(i.softTimer_Update)
    __aeabi_d2f                              0x08005081   Thumb Code     0  d2f.o(x$fpl$d2f)
    _d2f                                     0x08005081   Thumb Code    98  d2f.o(x$fpl$d2f)
    __aeabi_dadd                             0x080050e5   Thumb Code     0  daddsub_clz.o(x$fpl$dadd)
    _dadd                                    0x080050e5   Thumb Code   332  daddsub_clz.o(x$fpl$dadd)
    __fpl_dcheck_NaN1                        0x08005235   Thumb Code    10  dcheck1.o(x$fpl$dcheck1)
    __aeabi_ddiv                             0x08005245   Thumb Code     0  ddiv.o(x$fpl$ddiv)
    _ddiv                                    0x08005245   Thumb Code   552  ddiv.o(x$fpl$ddiv)
    __aeabi_ui2d                             0x080054f5   Thumb Code     0  dflt_clz.o(x$fpl$dfltu)
    _dfltu                                   0x080054f5   Thumb Code    38  dflt_clz.o(x$fpl$dfltu)
    __aeabi_dmul                             0x0800551d   Thumb Code     0  dmul.o(x$fpl$dmul)
    _dmul                                    0x0800551d   Thumb Code   332  dmul.o(x$fpl$dmul)
    __fpl_dnaninf                            0x08005671   Thumb Code   156  dnaninf.o(x$fpl$dnaninf)
    __fpl_dretinf                            0x0800570d   Thumb Code    12  dretinf.o(x$fpl$dretinf)
    __aeabi_dsub                             0x08005719   Thumb Code     0  daddsub_clz.o(x$fpl$dsub)
    _dsub                                    0x08005719   Thumb Code   464  daddsub_clz.o(x$fpl$dsub)
    __aeabi_f2d                              0x080058ed   Thumb Code     0  f2d.o(x$fpl$f2d)
    _f2d                                     0x080058ed   Thumb Code    86  f2d.o(x$fpl$f2d)
    __aeabi_f2uiz                            0x08005945   Thumb Code     0  ffixu.o(x$fpl$ffixu)
    _ffixu                                   0x08005945   Thumb Code    62  ffixu.o(x$fpl$ffixu)
    __aeabi_ui2f                             0x08005985   Thumb Code     0  fflt_clz.o(x$fpl$ffltu)
    _ffltu                                   0x08005985   Thumb Code    38  fflt_clz.o(x$fpl$ffltu)
    __fpl_fnaninf                            0x080059ab   Thumb Code   140  fnaninf.o(x$fpl$fnaninf)
    __fpl_fretinf                            0x08005a37   Thumb Code    10  fretinf.o(x$fpl$fretinf)
    __fpl_return_NaN                         0x08005a41   Thumb Code   100  retnan.o(x$fpl$retnan)
    __ARM_scalbn                             0x08005aa5   Thumb Code    92  scalbn.o(x$fpl$scalbn)
    __fpl_cmpreturn                          0x08005b01   Thumb Code    48  trapv.o(x$fpl$trapveneer)
    PLLMulTable                              0x08005b30   Data           9  system_stm32l1xx.o(.constdata)
    __I$use$fp                               0x08005b30   Number         0  usenofp.o(x$fpl$usenofp)
    AHBPrescTable                            0x08005b39   Data          16  system_stm32l1xx.o(.constdata)
    APBPrescTable                            0x08005b49   Data           8  system_stm32l1xx.o(.constdata)
    gDeviceID                                0x08005b51   Data           6  protocol.o(.constdata)
    cpu_name                                 0x08005b5e   Data          16  m8266wifidrv.o(.constdata)
    Region$$Table$$Base                      0x08005b7c   Number         0  anon$$obj.o(Region$$Table)
    Region$$Table$$Limit                     0x08005b9c   Number         0  anon$$obj.o(Region$$Table)
    uwTick                                   0x20000000   Data           4  stm32l1xx_hal.o(.data)
    SystemCoreClock                          0x20000008   Data           4  system_stm32l1xx.o(.data)
    gResponseMark                            0x20000010   Data           1  protocol.o(.data)
    gMICE_Enum                               0x20000011   Data           1  protocol.o(.data)
    gCode_Enum                               0x20000012   Data           1  protocol.o(.data)
    gTrain_Finish_Data_Struct                0x20000013   Data           2  protocol.o(.data)
    gHIIT_Struct                             0x20000016   Data           6  protocol.o(.data)
    gDI_Struct                               0x2000001c   Data           8  protocol.o(.data)
    gMICE_Struct                             0x20000024   Data           8  protocol.o(.data)
    gWIFI_Config_Enum                        0x2000002c   Data           1  wifidriver.o(.data)
    gWIFIEvent                               0x2000002d   Data           1  wifidriver.o(.data)
    Resistance_Now                           0x20000030   Data           2  wifidriver.o(.data)
    hspi                                     0x20000068   Data          88  m8266hostif_stm32xx.o(.bss)
    huart2                                   0x200000c0   Data          64  uartdriver.o(.bss)
    gUART_Struct                             0x20000100   Data         103  uartdriver.o(.bss)
    gProtocol_SendPacket_Struct              0x200002b2   Data         101  protocol.o(.bss)
    gECG_Struct                              0x20000318   Data          38  protocol.o(.bss)
    gControlCMD_Data_Struct                  0x20000340   Data          32  protocol.o(.bss)
    gTcp_Atttibute_Struct                    0x20000360   Data          22  wifidriver.o(.bss)
    gWIFI_Send_Receive_Struct                0x20000376   Data         203  wifidriver.o(.bss)
    gWIFI_CheckUnlink_Struct                 0x20000444   Data          12  wifidriver.o(.bss)
    ghtim2                                   0x20000450   Data          56  speed.o(.bss)
    gSpeed_Struct                            0x20000488   Data          20  speed.o(.bss)
    __libspace_start                         0x200004e0   Data          96  libspace.o(.bss)
    __temporary_stack_top$libspace           0x20000540   Data           0  libspace.o(.bss)



==============================================================================

Memory Map of the image

  Image Entry point : 0x08000125

  Load Region LR_IROM1 (Base: 0x08000000, Size: 0x00005c04, Max: 0x00040000, ABSOLUTE)

    Execution Region ER_IROM1 (Exec base: 0x08000000, Load base: 0x08000000, Size: 0x00005b9c, Max: 0x00040000, ABSOLUTE)

    Exec Addr    Load Addr    Size         Type   Attr      Idx    E Section Name        Object

    0x08000000   0x08000000   0x00000124   Data   RO            3    RESET               startup_stm32l152xc.o
    0x08000124   0x08000124   0x00000008   Code   RO         3538  * !!!main             c_w.l(__main.o)
    0x0800012c   0x0800012c   0x00000034   Code   RO         3790    !!!scatter          c_w.l(__scatter.o)
    0x08000160   0x08000160   0x0000001a   Code   RO         3792    !!handler_copy      c_w.l(__scatter_copy.o)
    0x0800017a   0x0800017a   0x00000002   PAD
    0x0800017c   0x0800017c   0x0000001c   Code   RO         3794    !!handler_zi        c_w.l(__scatter_zi.o)
    0x08000198   0x08000198   0x00000002   Code   RO         3727    .ARM.Collect$$libinit$$00000000  c_w.l(libinit.o)
    0x0800019a   0x0800019a   0x00000000   Code   RO         3607    .ARM.Collect$$libinit$$00000002  c_w.l(libinit2.o)
    0x0800019a   0x0800019a   0x00000000   Code   RO         3609    .ARM.Collect$$libinit$$00000004  c_w.l(libinit2.o)
    0x0800019a   0x0800019a   0x00000008   Code   RO         3610    .ARM.Collect$$libinit$$00000005  c_w.l(libinit2.o)
    0x080001a2   0x080001a2   0x00000000   Code   RO         3612    .ARM.Collect$$libinit$$0000000A  c_w.l(libinit2.o)
    0x080001a2   0x080001a2   0x00000000   Code   RO         3614    .ARM.Collect$$libinit$$0000000C  c_w.l(libinit2.o)
    0x080001a2   0x080001a2   0x00000000   Code   RO         3616    .ARM.Collect$$libinit$$0000000E  c_w.l(libinit2.o)
    0x080001a2   0x080001a2   0x00000000   Code   RO         3619    .ARM.Collect$$libinit$$00000011  c_w.l(libinit2.o)
    0x080001a2   0x080001a2   0x00000000   Code   RO         3621    .ARM.Collect$$libinit$$00000013  c_w.l(libinit2.o)
    0x080001a2   0x080001a2   0x00000000   Code   RO         3623    .ARM.Collect$$libinit$$00000015  c_w.l(libinit2.o)
    0x080001a2   0x080001a2   0x00000000   Code   RO         3625    .ARM.Collect$$libinit$$00000017  c_w.l(libinit2.o)
    0x080001a2   0x080001a2   0x00000000   Code   RO         3627    .ARM.Collect$$libinit$$00000019  c_w.l(libinit2.o)
    0x080001a2   0x080001a2   0x00000000   Code   RO         3629    .ARM.Collect$$libinit$$0000001B  c_w.l(libinit2.o)
    0x080001a2   0x080001a2   0x00000000   Code   RO         3631    .ARM.Collect$$libinit$$0000001D  c_w.l(libinit2.o)
    0x080001a2   0x080001a2   0x00000000   Code   RO         3633    .ARM.Collect$$libinit$$0000001F  c_w.l(libinit2.o)
    0x080001a2   0x080001a2   0x00000000   Code   RO         3635    .ARM.Collect$$libinit$$00000021  c_w.l(libinit2.o)
    0x080001a2   0x080001a2   0x00000000   Code   RO         3637    .ARM.Collect$$libinit$$00000023  c_w.l(libinit2.o)
    0x080001a2   0x080001a2   0x00000000   Code   RO         3639    .ARM.Collect$$libinit$$00000025  c_w.l(libinit2.o)
    0x080001a2   0x080001a2   0x00000000   Code   RO         3643    .ARM.Collect$$libinit$$0000002C  c_w.l(libinit2.o)
    0x080001a2   0x080001a2   0x00000000   Code   RO         3645    .ARM.Collect$$libinit$$0000002E  c_w.l(libinit2.o)
    0x080001a2   0x080001a2   0x00000000   Code   RO         3647    .ARM.Collect$$libinit$$00000030  c_w.l(libinit2.o)
    0x080001a2   0x080001a2   0x00000000   Code   RO         3649    .ARM.Collect$$libinit$$00000032  c_w.l(libinit2.o)
    0x080001a2   0x080001a2   0x00000002   Code   RO         3650    .ARM.Collect$$libinit$$00000033  c_w.l(libinit2.o)
    0x080001a4   0x080001a4   0x00000002   Code   RO         3787    .ARM.Collect$$libshutdown$$00000000  c_w.l(libshutdown.o)
    0x080001a6   0x080001a6   0x00000000   Code   RO         3743    .ARM.Collect$$libshutdown$$00000002  c_w.l(libshutdown2.o)
    0x080001a6   0x080001a6   0x00000000   Code   RO         3745    .ARM.Collect$$libshutdown$$00000004  c_w.l(libshutdown2.o)
    0x080001a6   0x080001a6   0x00000000   Code   RO         3748    .ARM.Collect$$libshutdown$$00000007  c_w.l(libshutdown2.o)
    0x080001a6   0x080001a6   0x00000000   Code   RO         3751    .ARM.Collect$$libshutdown$$0000000A  c_w.l(libshutdown2.o)
    0x080001a6   0x080001a6   0x00000000   Code   RO         3753    .ARM.Collect$$libshutdown$$0000000C  c_w.l(libshutdown2.o)
    0x080001a6   0x080001a6   0x00000000   Code   RO         3756    .ARM.Collect$$libshutdown$$0000000F  c_w.l(libshutdown2.o)
    0x080001a6   0x080001a6   0x00000002   Code   RO         3757    .ARM.Collect$$libshutdown$$00000010  c_w.l(libshutdown2.o)
    0x080001a8   0x080001a8   0x00000000   Code   RO         3576    .ARM.Collect$$rtentry$$00000000  c_w.l(__rtentry.o)
    0x080001a8   0x080001a8   0x00000000   Code   RO         3668    .ARM.Collect$$rtentry$$00000002  c_w.l(__rtentry2.o)
    0x080001a8   0x080001a8   0x00000006   Code   RO         3680    .ARM.Collect$$rtentry$$00000004  c_w.l(__rtentry4.o)
    0x080001ae   0x080001ae   0x00000000   Code   RO         3670    .ARM.Collect$$rtentry$$00000009  c_w.l(__rtentry2.o)
    0x080001ae   0x080001ae   0x00000004   Code   RO         3671    .ARM.Collect$$rtentry$$0000000A  c_w.l(__rtentry2.o)
    0x080001b2   0x080001b2   0x00000000   Code   RO         3673    .ARM.Collect$$rtentry$$0000000C  c_w.l(__rtentry2.o)
    0x080001b2   0x080001b2   0x00000008   Code   RO         3674    .ARM.Collect$$rtentry$$0000000D  c_w.l(__rtentry2.o)
    0x080001ba   0x080001ba   0x00000002   Code   RO         3732    .ARM.Collect$$rtexit$$00000000  c_w.l(rtexit.o)
    0x080001bc   0x080001bc   0x00000000   Code   RO         3761    .ARM.Collect$$rtexit$$00000002  c_w.l(rtexit2.o)
    0x080001bc   0x080001bc   0x00000004   Code   RO         3762    .ARM.Collect$$rtexit$$00000003  c_w.l(rtexit2.o)
    0x080001c0   0x080001c0   0x00000006   Code   RO         3763    .ARM.Collect$$rtexit$$00000004  c_w.l(rtexit2.o)
    0x080001c6   0x080001c6   0x00000002   PAD
    0x080001c8   0x080001c8   0x00000000   Code   RO         3684    .emb_text           c_w.l(maybetermalloc1.o)
    0x080001c8   0x080001c8   0x00000040   Code   RO            4    .text               startup_stm32l152xc.o
    0x08000208   0x08000208   0x0000005e   Code   RO         3470    .text               c_w.l(h1_alloc.o)
    0x08000266   0x08000266   0x0000004e   Code   RO         3472    .text               c_w.l(h1_free.o)
    0x080002b4   0x080002b4   0x00000044   Code   RO         3530    .text               c_w.l(rt_memclr.o)
    0x080002f8   0x080002f8   0x0000004e   Code   RO         3532    .text               c_w.l(rt_memclr_w.o)
    0x08000346   0x08000346   0x00000002   PAD
    0x08000348   0x08000348   0x00000080   Code   RO         3534    .text               c_w.l(strcmpv7m.o)
    0x080003c8   0x080003c8   0x00000006   Code   RO         3536    .text               c_w.l(heapauxi.o)
    0x080003ce   0x080003ce   0x00000002   PAD
    0x080003d0   0x080003d0   0x00000008   Code   RO         3580    .text               c_w.l(rt_heap_descriptor_intlibspace.o)
    0x080003d8   0x080003d8   0x00000004   Code   RO         3582    .text               c_w.l(hguard.o)
    0x080003dc   0x080003dc   0x0000008a   Code   RO         3584    .text               c_w.l(init_alloc.o)
    0x08000466   0x08000466   0x0000000e   Code   RO         3588    .text               c_w.l(h1_init.o)
    0x08000474   0x08000474   0x00000008   Code   RO         3664    .text               c_w.l(libspace.o)
    0x0800047c   0x0800047c   0x00000034   Code   RO         3686    .text               c_w.l(h1_extend.o)
    0x080004b0   0x080004b0   0x0000000e   Code   RO         3690    .text               c_w.l(defsig_rtmem_outer.o)
    0x080004be   0x080004be   0x00000002   Code   RO         3703    .text               c_w.l(use_no_semi.o)
    0x080004c0   0x080004c0   0x00000000   Code   RO         3705    .text               c_w.l(indicate_semi.o)
    0x080004c0   0x080004c0   0x0000004a   Code   RO         3706    .text               c_w.l(sys_stackheap_outer.o)
    0x0800050a   0x0800050a   0x00000012   Code   RO         3712    .text               c_w.l(exit.o)
    0x0800051c   0x0800051c   0x0000000a   Code   RO         3714    .text               c_w.l(defsig_exit.o)
    0x08000526   0x08000526   0x00000002   PAD
    0x08000528   0x08000528   0x00000050   Code   RO         3716    .text               c_w.l(defsig_rtmem_inner.o)
    0x08000578   0x08000578   0x0000000c   Code   RO         3730    .text               c_w.l(sys_exit.o)
    0x08000584   0x08000584   0x00000032   Code   RO         3740    .text               c_w.l(defsig_general.o)
    0x080005b6   0x080005b6   0x0000000e   Code   RO         3758    .text               c_w.l(sys_wrch.o)
    0x080005c4   0x080005c4   0x00000002   Code   RO         2882    i.BusFault_Handler  stm32l1xx_it.o
    0x080005c6   0x080005c6   0x00000002   Code   RO         2883    i.DebugMon_Handler  stm32l1xx_it.o
    0x080005c8   0x080005c8   0x00000006   Code   RO         2884    i.EXTI1_IRQHandler  stm32l1xx_it.o
    0x080005ce   0x080005ce   0x00000002   PAD
    0x080005d0   0x080005d0   0x00000014   Code   RO         2964    i.HAL_GPIO_EXTI_Callback  wifidriver.o
    0x080005e4   0x080005e4   0x00000018   Code   RO          556    i.HAL_GPIO_EXTI_IRQHandler  stm32l1xx_hal_gpio.o
    0x080005fc   0x080005fc   0x00000194   Code   RO          557    i.HAL_GPIO_Init     stm32l1xx_hal_gpio.o
    0x08000790   0x08000790   0x0000000a   Code   RO          561    i.HAL_GPIO_WritePin  stm32l1xx_hal_gpio.o
    0x0800079a   0x0800079a   0x00000002   PAD
    0x0800079c   0x0800079c   0x0000000c   Code   RO           24    i.HAL_GetTick       stm32l1xx_hal.o
    0x080007a8   0x080007a8   0x00000010   Code   RO           25    i.HAL_IncTick       stm32l1xx_hal.o
    0x080007b8   0x080007b8   0x0000002c   Code   RO           26    i.HAL_Init          stm32l1xx_hal.o
    0x080007e4   0x080007e4   0x00000028   Code   RO           27    i.HAL_InitTick      stm32l1xx_hal.o
    0x0800080c   0x0800080c   0x00000002   Code   RO           29    i.HAL_MspInit       stm32l1xx_hal.o
    0x0800080e   0x0800080e   0x00000016   Code   RO          244    i.HAL_NVIC_EnableIRQ  stm32l1xx_hal_cortex.o
    0x08000824   0x08000824   0x00000040   Code   RO          250    i.HAL_NVIC_SetPriority  stm32l1xx_hal_cortex.o
    0x08000864   0x08000864   0x00000024   Code   RO          251    i.HAL_NVIC_SetPriorityGrouping  stm32l1xx_hal_cortex.o
    0x08000888   0x08000888   0x000001cc   Code   RO          621    i.HAL_RCC_ClockConfig  stm32l1xx_hal_rcc.o
    0x08000a54   0x08000a54   0x0000000c   Code   RO          626    i.HAL_RCC_GetHCLKFreq  stm32l1xx_hal_rcc.o
    0x08000a60   0x08000a60   0x00000030   Code   RO          628    i.HAL_RCC_GetPCLK1Freq  stm32l1xx_hal_rcc.o
    0x08000a90   0x08000a90   0x00000030   Code   RO          629    i.HAL_RCC_GetPCLK2Freq  stm32l1xx_hal_rcc.o
    0x08000ac0   0x08000ac0   0x0000008c   Code   RO          630    i.HAL_RCC_GetSysClockFreq  stm32l1xx_hal_rcc.o
    0x08000b4c   0x08000b4c   0x00000738   Code   RO          633    i.HAL_RCC_OscConfig  stm32l1xx_hal_rcc.o
    0x08001284   0x08001284   0x00000084   Code   RO         1287    i.HAL_SPI_Init      stm32l1xx_hal_spi_ex.o
    0x08001308   0x08001308   0x00000002   Code   RO          737    i.HAL_SPI_MspInit   stm32l1xx_hal_spi.o
    0x0800130a   0x0800130a   0x00000002   Code   RO          254    i.HAL_SYSTICK_Callback  stm32l1xx_hal_cortex.o
    0x0800130c   0x0800130c   0x00000028   Code   RO          255    i.HAL_SYSTICK_Config  stm32l1xx_hal_cortex.o
    0x08001334   0x08001334   0x00000008   Code   RO          256    i.HAL_SYSTICK_IRQHandler  stm32l1xx_hal_cortex.o
    0x0800133c   0x0800133c   0x00000050   Code   RO         2175    i.HAL_TIMEx_MasterConfigSynchronization  stm32l1xx_hal_tim_ex.o
    0x0800138c   0x0800138c   0x00000036   Code   RO         1550    i.HAL_TIM_Base_Init  stm32l1xx_hal_tim.o
    0x080013c2   0x080013c2   0x00000002   PAD
    0x080013c4   0x080013c4   0x00000044   Code   RO         3170    i.HAL_TIM_Base_MspInit  speed.o
    0x08001408   0x08001408   0x0000001a   Code   RO         1553    i.HAL_TIM_Base_Start  stm32l1xx_hal_tim.o
    0x08001422   0x08001422   0x000000f0   Code   RO         1559    i.HAL_TIM_ConfigClockSource  stm32l1xx_hal_tim.o
    0x08001512   0x08001512   0x0000005e   Code   RO         1327    i.HAL_UART_Init     stm32l1xx_hal_uart.o
    0x08001570   0x08001570   0x0000004c   Code   RO         1329    i.HAL_UART_MspInit  stm32l1xx_hal_uart.o
    0x080015bc   0x080015bc   0x000000c8   Code   RO         1335    i.HAL_UART_Transmit  stm32l1xx_hal_uart.o
    0x08001684   0x08001684   0x00000002   Code   RO         2885    i.HardFault_Handler  stm32l1xx_it.o
    0x08001686   0x08001686   0x00000038   Code   RO         2789    i.IntToHexChar      protocol.o
    0x080016be   0x080016be   0x00000002   PAD
    0x080016c0   0x080016c0   0x00000068   Code   RO         2351    i.M8266HostIf_GPIO_CS_RESET_Init  m8266hostif_stm32xx.o
    0x08001728   0x08001728   0x0000000e   Code   RO         2352    i.M8266HostIf_Init  m8266hostif_stm32xx.o
    0x08001736   0x08001736   0x00000002   PAD
    0x08001738   0x08001738   0x00000064   Code   RO         3211    i.M8266HostIf_SPI_DMA_StartReceiveSendData  M8266WIFIDrv_STM32L1xx.lib(m8266wifidrv.o)
    0x0800179c   0x0800179c   0x00000098   Code   RO         2353    i.M8266HostIf_SPI_Init  m8266hostif_stm32xx.o
    0x08001834   0x08001834   0x000000d4   Code   RO         3212    i.M8266HostIf_SPI_Select  M8266WIFIDrv_STM32L1xx.lib(m8266wifidrv.o)
    0x08001908   0x08001908   0x00000034   Code   RO         2355    i.M8266HostIf_SPI_SetSpeed  m8266hostif_stm32xx.o
    0x0800193c   0x0800193c   0x00000018   Code   RO         3213    i.M8266HostIf_SPI_rrs  M8266WIFIDrv_STM32L1xx.lib(m8266wifidrv.o)
    0x08001954   0x08001954   0x00000030   Code   RO         3214    i.M8266HostIf_SPI_wrs  M8266WIFIDrv_STM32L1xx.lib(m8266wifidrv.o)
    0x08001984   0x08001984   0x00000018   Code   RO         2356    i.M8266HostIf_Set_SPI_nCS_Pin  m8266hostif_stm32xx.o
    0x0800199c   0x0800199c   0x00000014   Code   RO         2357    i.M8266HostIf_Set_nRESET_Pin  m8266hostif_stm32xx.o
    0x080019b0   0x080019b0   0x00000004   Code   RO         2358    i.M8266HostIf_delay_us  m8266hostif_stm32xx.o
    0x080019b4   0x080019b4   0x0000003a   Code   RO         2433    i.M8266WIFI_Module_Hardware_Reset  m8266wifi_ops.o
    0x080019ee   0x080019ee   0x00000002   PAD
    0x080019f0   0x080019f0   0x00000074   Code   RO         2434    i.M8266WIFI_Module_Init_Via_SPI  m8266wifi_ops.o
    0x08001a64   0x08001a64   0x00000022   Code   RO         2435    i.M8266WIFI_Module_delay_ms  m8266wifi_ops.o
    0x08001a86   0x08001a86   0x00000016   Code   RO         3220    i.M8266WIFI_SPI_Config_STA_Param  M8266WIFIDrv_STM32L1xx.lib(m8266wifidrv.o)
    0x08001a9c   0x08001a9c   0x00000012   Code   RO         3225    i.M8266WIFI_SPI_Delete_Connection  M8266WIFIDrv_STM32L1xx.lib(m8266wifidrv.o)
    0x08001aae   0x08001aae   0x000000aa   Code   RO         3232    i.M8266WIFI_SPI_Get_Module_Info  M8266WIFIDrv_STM32L1xx.lib(m8266wifidrv.o)
    0x08001b58   0x08001b58   0x00000066   Code   RO         3233    i.M8266WIFI_SPI_Get_Opmode  M8266WIFIDrv_STM32L1xx.lib(m8266wifidrv.o)
    0x08001bbe   0x08001bbe   0x0000006c   Code   RO         3234    i.M8266WIFI_SPI_Get_STA_Connection_Status  M8266WIFIDrv_STM32L1xx.lib(m8266wifidrv.o)
    0x08001c2a   0x08001c2a   0x0000007c   Code   RO         3236    i.M8266WIFI_SPI_Get_STA_IP_Addr  M8266WIFIDrv_STM32L1xx.lib(m8266wifidrv.o)
    0x08001ca6   0x08001ca6   0x00000016   Code   RO         3237    i.M8266WIFI_SPI_Has_DataReceived  M8266WIFIDrv_STM32L1xx.lib(m8266wifidrv.o)
    0x08001cbc   0x08001cbc   0x00000048   Code   RO         3238    i.M8266WIFI_SPI_Interface_Communication_OK  M8266WIFIDrv_STM32L1xx.lib(m8266wifidrv.o)
    0x08001d04   0x08001d04   0x00000062   Code   RO         3239    i.M8266WIFI_SPI_Interface_Communication_Stress_Test  M8266WIFIDrv_STM32L1xx.lib(m8266wifidrv.o)
    0x08001d66   0x08001d66   0x000000e6   Code   RO         3251    i.M8266WIFI_SPI_Query_Connection  M8266WIFIDrv_STM32L1xx.lib(m8266wifidrv.o)
    0x08001e4c   0x08001e4c   0x00000218   Code   RO         3265    i.M8266WIFI_SPI_Recv  M8266WIFIDrv_STM32L1xx.lib(m8266wifidrv.o)
    0x08002064   0x08002064   0x0000001c   Code   RO         3266    i.M8266WIFI_SPI_RecvData  M8266WIFIDrv_STM32L1xx.lib(m8266wifidrv.o)
    0x08002080   0x08002080   0x000001c0   Code   RO         3270    i.M8266WIFI_SPI_STA_Connect_Ap  M8266WIFIDrv_STM32L1xx.lib(m8266wifidrv.o)
    0x08002240   0x08002240   0x00000182   Code   RO         3271    i.M8266WIFI_SPI_STA_Connect_Ap_Old  M8266WIFIDrv_STM32L1xx.lib(m8266wifidrv.o)
    0x080023c2   0x080023c2   0x00000012   Code   RO         3275    i.M8266WIFI_SPI_Send_Data  M8266WIFIDrv_STM32L1xx.lib(m8266wifidrv.o)
    0x080023d4   0x080023d4   0x0000008e   Code   RO         3279    i.M8266WIFI_SPI_Set_Opmode  M8266WIFIDrv_STM32L1xx.lib(m8266wifidrv.o)
    0x08002462   0x08002462   0x00000002   PAD
    0x08002464   0x08002464   0x00000214   Code   RO         3286    i.M8266WIFI_SPI_Setup_Connection  M8266WIFIDrv_STM32L1xx.lib(m8266wifidrv.o)
    0x08002678   0x08002678   0x00000016   Code   RO         3287    i.M8266WIFI_SPI_Slave_Has_Response  M8266WIFIDrv_STM32L1xx.lib(m8266wifidrv.o)
    0x0800268e   0x0800268e   0x00000016   Code   RO         3292    i.M8266WIFI_SPI_Status_Start_To_Rxd_Has_Been_Cleared  M8266WIFIDrv_STM32L1xx.lib(m8266wifidrv.o)
    0x080026a4   0x080026a4   0x00000016   Code   RO         3293    i.M8266WIFI_SPI_TxdBuffer_Free  M8266WIFIDrv_STM32L1xx.lib(m8266wifidrv.o)
    0x080026ba   0x080026ba   0x00000002   PAD
    0x080026bc   0x080026bc   0x000000e8   Code   RO         3296    i.M8266WIFI_SPI_capstp  M8266WIFIDrv_STM32L1xx.lib(m8266wifidrv.o)
    0x080027a4   0x080027a4   0x00000058   Code   RO         3298    i.M8266WIFI_SPI_csb  M8266WIFIDrv_STM32L1xx.lib(m8266wifidrv.o)
    0x080027fc   0x080027fc   0x00000168   Code   RO         3300    i.M8266WIFI_SPI_dlodc  M8266WIFIDrv_STM32L1xx.lib(m8266wifidrv.o)
    0x08002964   0x08002964   0x000000ee   Code   RO         3302    i.M8266WIFI_SPI_qacal  M8266WIFIDrv_STM32L1xx.lib(m8266wifidrv.o)
    0x08002a52   0x08002a52   0x00000020   Code   RO         3305    i.M8266WIFI_SPI_rra  M8266WIFIDrv_STM32L1xx.lib(m8266wifidrv.o)
    0x08002a72   0x08002a72   0x00000042   Code   RO         3306    i.M8266WIFI_SPI_rru  M8266WIFIDrv_STM32L1xx.lib(m8266wifidrv.o)
    0x08002ab4   0x08002ab4   0x00000048   Code   RO         3307    i.M8266WIFI_SPI_rrud  M8266WIFIDrv_STM32L1xx.lib(m8266wifidrv.o)
    0x08002afc   0x08002afc   0x0000001c   Code   RO         3309    i.M8266WIFI_SPI_sbis  M8266WIFIDrv_STM32L1xx.lib(m8266wifidrv.o)
    0x08002b18   0x08002b18   0x0000023c   Code   RO         3310    i.M8266WIFI_SPI_sdfal  M8266WIFIDrv_STM32L1xx.lib(m8266wifidrv.o)
    0x08002d54   0x08002d54   0x00000124   Code   RO         3311    i.M8266WIFI_SPI_srh  M8266WIFIDrv_STM32L1xx.lib(m8266wifidrv.o)
    0x08002e78   0x08002e78   0x00000020   Code   RO         3312    i.M8266WIFI_SPI_ssa  M8266WIFIDrv_STM32L1xx.lib(m8266wifidrv.o)
    0x08002e98   0x08002e98   0x00000074   Code   RO         3313    i.M8266WIFI_SPI_ssb  M8266WIFIDrv_STM32L1xx.lib(m8266wifidrv.o)
    0x08002f0c   0x08002f0c   0x000000a0   Code   RO         3314    i.M8266WIFI_SPI_ssmd  M8266WIFIDrv_STM32L1xx.lib(m8266wifidrv.o)
    0x08002fac   0x08002fac   0x0000004c   Code   RO         3315    i.M8266WIFI_SPI_ssu  M8266WIFIDrv_STM32L1xx.lib(m8266wifidrv.o)
    0x08002ff8   0x08002ff8   0x00000048   Code   RO         3316    i.M8266WIFI_SPI_ssud  M8266WIFIDrv_STM32L1xx.lib(m8266wifidrv.o)
    0x08003040   0x08003040   0x0000004c   Code   RO         3317    i.M8266WIFI_SPI_ssut  M8266WIFIDrv_STM32L1xx.lib(m8266wifidrv.o)
    0x0800308c   0x0800308c   0x00000016   Code   RO         3318    i.M8266WIFI_SPI_tufs  M8266WIFIDrv_STM32L1xx.lib(m8266wifidrv.o)
    0x080030a2   0x080030a2   0x00000002   PAD
    0x080030a4   0x080030a4   0x0000004c   Code   RO         2436    i.M8266WIFI_SPI_wait_sta_connecting_to_ap_and_get_ip  m8266wifi_ops.o
    0x080030f0   0x080030f0   0x0000003a   Code   RO         3320    i.M8266WIFI_SPI_wsbsbs1  M8266WIFIDrv_STM32L1xx.lib(m8266wifidrv.o)
    0x0800312a   0x0800312a   0x00000042   Code   RO         3322    i.M8266WIFI_SPI_wscbf  M8266WIFIDrv_STM32L1xx.lib(m8266wifidrv.o)
    0x0800316c   0x0800316c   0x0000004c   Code   RO         3323    i.M8266WIFI_SPI_wscr  M8266WIFIDrv_STM32L1xx.lib(m8266wifidrv.o)
    0x080031b8   0x080031b8   0x00000054   Code   RO         3324    i.M8266WIFI_SPI_wspsr  M8266WIFIDrv_STM32L1xx.lib(m8266wifidrv.o)
    0x0800320c   0x0800320c   0x00000054   Code   RO         3325    i.M8266WIFI_SPI_wspss  M8266WIFIDrv_STM32L1xx.lib(m8266wifidrv.o)
    0x08003260   0x08003260   0x0000003e   Code   RO         3327    i.M8266WIFI_SPI_wsscbhud  M8266WIFIDrv_STM32L1xx.lib(m8266wifidrv.o)
    0x0800329e   0x0800329e   0x00000044   Code   RO         3328    i.M8266WIFI_SPI_wsscrhd  M8266WIFIDrv_STM32L1xx.lib(m8266wifidrv.o)
    0x080032e2   0x080032e2   0x00000040   Code   RO         3330    i.M8266WIFI_Wait_SPI_sfad  M8266WIFIDrv_STM32L1xx.lib(m8266wifidrv.o)
    0x08003322   0x08003322   0x00000002   PAD
    0x08003324   0x08003324   0x0000005c   Code   RO         2965    i.MX_GPIO_Init      wifidriver.o
    0x08003380   0x08003380   0x00000098   Code   RO         3171    i.MX_TIM2_Init      speed.o
    0x08003418   0x08003418   0x00000002   Code   RO         2886    i.MemManage_Handler  stm32l1xx_it.o
    0x0800341a   0x0800341a   0x00000002   Code   RO         2887    i.NMI_Handler       stm32l1xx_it.o
    0x0800341c   0x0800341c   0x00000020   Code   RO          257    i.NVIC_SetPriority  stm32l1xx_hal_cortex.o
    0x0800343c   0x0800343c   0x00000044   Code   RO         2791    i.PROTOCOL_CreateHeartPack  protocol.o
    0x08003480   0x08003480   0x0000003c   Code   RO         2792    i.PROTOCOL_CreatePrescriptionFinshPack  protocol.o
    0x080034bc   0x080034bc   0x00000180   Code   RO         2793    i.PROTOCOL_CreateRealDataPack  protocol.o
    0x0800363c   0x0800363c   0x00000044   Code   RO         2794    i.PROTOCOL_CreateRegistPack  protocol.o
    0x08003680   0x08003680   0x00000058   Code   RO         2795    i.PROTOCOL_PackedData  protocol.o
    0x080036d8   0x080036d8   0x00000088   Code   RO         2796    i.PROTOCOL_ParseCode  protocol.o
    0x08003760   0x08003760   0x000003d0   Code   RO         2797    i.PROTOCOL_ParseDI  protocol.o
    0x08003b30   0x08003b30   0x00000048   Code   RO         2798    i.PROTOCOL_StructInit  protocol.o
    0x08003b78   0x08003b78   0x00000002   Code   RO         2888    i.PendSV_Handler    stm32l1xx_it.o
    0x08003b7a   0x08003b7a   0x0000003a   Code   RO         2669    i.PrintfHexChar     uartdriver.o
    0x08003bb4   0x08003bb4   0x00000080   Code   RO          634    i.RCC_SetFlashLatencyFromMSIRange  stm32l1xx_hal_rcc.o
    0x08003c34   0x08003c34   0x00000184   Code   RO         3331    i.SPI_STA_Get_HostIP_by_HostName  M8266WIFIDrv_STM32L1xx.lib(m8266wifidrv.o)
    0x08003db8   0x08003db8   0x00000002   Code   RO         2889    i.SVC_Handler       stm32l1xx_it.o
    0x08003dba   0x08003dba   0x00000002   PAD
    0x08003dbc   0x08003dbc   0x00000044   Code   RO         3172    i.Speed_calculate   speed.o
    0x08003e00   0x08003e00   0x0000002c   Code   RO         3076    i.Switch_Add        switch.o
    0x08003e2c   0x08003e2c   0x0000002c   Code   RO         3077    i.Switch_DeleteInit  switch.o
    0x08003e58   0x08003e58   0x00000054   Code   RO         3079    i.Switch_Init       switch.o
    0x08003eac   0x08003eac   0x00000028   Code   RO         3081    i.Switch_Mode       switch.o
    0x08003ed4   0x08003ed4   0x0000002c   Code   RO         3086    i.Switch_Sub        switch.o
    0x08003f00   0x08003f00   0x0000000c   Code   RO         2731    i.SysTick_Get       time.o
    0x08003f0c   0x08003f0c   0x0000000e   Code   RO         2255    i.SysTick_Handler   sys.o
    0x08003f1a   0x08003f1a   0x00000002   PAD
    0x08003f1c   0x08003f1c   0x00000088   Code   RO         2256    i.SystemClock_Config  sys.o
    0x08003fa4   0x08003fa4   0x00000050   Code   RO         2585    i.SystemInit        system_stm32l1xx.o
    0x08003ff4   0x08003ff4   0x0000007c   Code   RO         1634    i.TIM_Base_SetConfig  stm32l1xx_hal_tim.o
    0x08004070   0x08004070   0x00000014   Code   RO         1641    i.TIM_ETR_SetConfig  stm32l1xx_hal_tim.o
    0x08004084   0x08004084   0x00000010   Code   RO         1642    i.TIM_ITRx_SetConfig  stm32l1xx_hal_tim.o
    0x08004094   0x08004094   0x00000022   Code   RO         1648    i.TIM_TI1_ConfigInputStage  stm32l1xx_hal_tim.o
    0x080040b6   0x080040b6   0x00000024   Code   RO         1650    i.TIM_TI2_ConfigInputStage  stm32l1xx_hal_tim.o
    0x080040da   0x080040da   0x00000002   PAD
    0x080040dc   0x080040dc   0x00000294   Code   RO         2966    i.Task_MICE         wifidriver.o
    0x08004370   0x08004370   0x00000074   Code   RO         2967    i.Task_SendHeart    wifidriver.o
    0x080043e4   0x080043e4   0x00000068   Code   RO         2968    i.Task_SendRealData  wifidriver.o
    0x0800444c   0x0800444c   0x00000090   Code   RO         2670    i.UART2_Init        uartdriver.o
    0x080044dc   0x080044dc   0x00000010   Code   RO         2671    i.UART2_SendData    uartdriver.o
    0x080044ec   0x080044ec   0x000002a0   Code   RO         1346    i.UART_SetConfig    stm32l1xx_hal_uart.o
    0x0800478c   0x0800478c   0x00000092   Code   RO         1348    i.UART_WaitOnFlagUntilTimeout  stm32l1xx_hal_uart.o
    0x0800481e   0x0800481e   0x00000004   Code   RO         2890    i.USART2_IRQHandler  stm32l1xx_it.o
    0x08004822   0x08004822   0x00000002   PAD
    0x08004824   0x08004824   0x00000060   Code   RO         2673    i.Uart2_Handler     uartdriver.o
    0x08004884   0x08004884   0x00000002   Code   RO         2891    i.UsageFault_Handler  stm32l1xx_it.o
    0x08004886   0x08004886   0x00000002   PAD
    0x08004888   0x08004888   0x000001d8   Code   RO         2969    i.WIFI_ATCmdInit    wifidriver.o
    0x08004a60   0x08004a60   0x0000001c   Code   RO         2970    i.WIFI_ConfigFinishDelay  wifidriver.o
    0x08004a7c   0x08004a7c   0x00000124   Code   RO         2971    i.WIFI_FlowPath     wifidriver.o
    0x08004ba0   0x08004ba0   0x00000044   Code   RO         2972    i.WIFI_Receive_AND_AnalysisData  wifidriver.o
    0x08004be4   0x08004be4   0x00000094   Code   RO         2973    i.WIFI_Receive_data  wifidriver.o
    0x08004c78   0x08004c78   0x0000002c   Code   RO         2974    i.WIFI_Recover_ResValue  wifidriver.o
    0x08004ca4   0x08004ca4   0x0000004c   Code   RO         2975    i.WIFI_ResetFlow    wifidriver.o
    0x08004cf0   0x08004cf0   0x000000ec   Code   RO         2976    i.WIFI_Send_Data    wifidriver.o
    0x08004ddc   0x08004ddc   0x00000014   Code   RO         2977    i.WIFI_Struct_Init  wifidriver.o
    0x08004df0   0x08004df0   0x00000002   Code   RO         2674    i._Error_Handler    uartdriver.o
    0x08004df2   0x08004df2   0x00000002   PAD
    0x08004df4   0x08004df4   0x0000001c   Code   RO         2205    i.delay_Init        delay.o
    0x08004e10   0x08004e10   0x0000001a   Code   RO         2207    i.delay_ms          delay.o
    0x08004e2a   0x08004e2a   0x00000002   PAD
    0x08004e2c   0x08004e2c   0x00000034   Code   RO         2208    i.delay_us          delay.o
    0x08004e60   0x08004e60   0x0000004c   Code   RO         3332    i.fvcp              M8266WIFIDrv_STM32L1xx.lib(m8266wifidrv.o)
    0x08004eac   0x08004eac   0x00000030   Code   RO         3334    i.fvdnstap          M8266WIFIDrv_STM32L1xx.lib(m8266wifidrv.o)
    0x08004edc   0x08004edc   0x000000b4   Code   RO         2622    i.main              main.o
    0x08004f90   0x08004f90   0x00000034   Code   RO         2732    i.softTimer_Create  time.o
    0x08004fc4   0x08004fc4   0x0000002c   Code   RO         2734    i.softTimer_Init    time.o
    0x08004ff0   0x08004ff0   0x00000014   Code   RO         2735    i.softTimer_Stop    time.o
    0x08005004   0x08005004   0x0000007c   Code   RO         2736    i.softTimer_Update  time.o
    0x08005080   0x08005080   0x00000062   Code   RO         3540    x$fpl$d2f           fz_ws.l(d2f.o)
    0x080050e2   0x080050e2   0x00000002   PAD
    0x080050e4   0x080050e4   0x00000150   Code   RO         3542    x$fpl$dadd          fz_ws.l(daddsub_clz.o)
    0x08005234   0x08005234   0x00000010   Code   RO         3651    x$fpl$dcheck1       fz_ws.l(dcheck1.o)
    0x08005244   0x08005244   0x000002b0   Code   RO         3549    x$fpl$ddiv          fz_ws.l(ddiv.o)
    0x080054f4   0x080054f4   0x00000026   Code   RO         3552    x$fpl$dfltu         fz_ws.l(dflt_clz.o)
    0x0800551a   0x0800551a   0x00000002   PAD
    0x0800551c   0x0800551c   0x00000154   Code   RO         3558    x$fpl$dmul          fz_ws.l(dmul.o)
    0x08005670   0x08005670   0x0000009c   Code   RO         3653    x$fpl$dnaninf       fz_ws.l(dnaninf.o)
    0x0800570c   0x0800570c   0x0000000c   Code   RO         3655    x$fpl$dretinf       fz_ws.l(dretinf.o)
    0x08005718   0x08005718   0x000001d4   Code   RO         3544    x$fpl$dsub          fz_ws.l(daddsub_clz.o)
    0x080058ec   0x080058ec   0x00000056   Code   RO         3560    x$fpl$f2d           fz_ws.l(f2d.o)
    0x08005942   0x08005942   0x00000002   PAD
    0x08005944   0x08005944   0x0000003e   Code   RO         3562    x$fpl$ffixu         fz_ws.l(ffixu.o)
    0x08005982   0x08005982   0x00000002   PAD
    0x08005984   0x08005984   0x00000026   Code   RO         3566    x$fpl$ffltu         fz_ws.l(fflt_clz.o)
    0x080059aa   0x080059aa   0x0000008c   Code   RO         3657    x$fpl$fnaninf       fz_ws.l(fnaninf.o)
    0x08005a36   0x08005a36   0x0000000a   Code   RO         3659    x$fpl$fretinf       fz_ws.l(fretinf.o)
    0x08005a40   0x08005a40   0x00000064   Code   RO         3701    x$fpl$retnan        fz_ws.l(retnan.o)
    0x08005aa4   0x08005aa4   0x0000005c   Code   RO         3572    x$fpl$scalbn        fz_ws.l(scalbn.o)
    0x08005b00   0x08005b00   0x00000030   Code   RO         3728    x$fpl$trapveneer    fz_ws.l(trapv.o)
    0x08005b30   0x08005b30   0x00000000   Code   RO         3661    x$fpl$usenofp       fz_ws.l(usenofp.o)
    0x08005b30   0x08005b30   0x00000019   Data   RO         2586    .constdata          system_stm32l1xx.o
    0x08005b49   0x08005b49   0x00000008   Data   RO         2587    .constdata          system_stm32l1xx.o
    0x08005b51   0x08005b51   0x00000006   Data   RO         2800    .constdata          protocol.o
    0x08005b57   0x08005b57   0x00000001   PAD
    0x08005b58   0x08005b58   0x00000022   Data   RO         3336    .constdata          M8266WIFIDrv_STM32L1xx.lib(m8266wifidrv.o)
    0x08005b7a   0x08005b7a   0x00000002   PAD
    0x08005b7c   0x08005b7c   0x00000020   Data   RO         3788    Region$$Table       anon$$obj.o


    Execution Region RW_IRAM1 (Exec base: 0x20000000, Load base: 0x08005b9c, Size: 0x00001340, Max: 0x00008000, ABSOLUTE)

    Exec Addr    Load Addr    Size         Type   Attr      Idx    E Section Name        Object

    0x20000000   0x08005b9c   0x00000004   Data   RW           32    .data               stm32l1xx_hal.o
    0x20000004   0x08005ba0   0x00000004   Data   RW         2209    .data               delay.o
    0x20000008   0x08005ba4   0x00000004   Data   RW         2588    .data               system_stm32l1xx.o
    0x2000000c   0x08005ba8   0x00000001   Data   RW         2738    .data               time.o
    0x2000000d   0x08005ba9   0x00000003   PAD
    0x20000010   0x08005bac   0x0000001c   Data   RW         2802    .data               protocol.o
    0x2000002c   0x08005bc8   0x00000010   Data   RW         2979    .data               wifidriver.o
    0x2000003c   0x08005bd8   0x00000029   Data   RW         3337    .data               M8266WIFIDrv_STM32L1xx.lib(m8266wifidrv.o)
    0x20000065   0x08005c01   0x00000003   PAD
    0x20000068        -       0x00000058   Zero   RW         2359    .bss                m8266hostif_stm32xx.o
    0x200000c0        -       0x000000a7   Zero   RW         2675    .bss                uartdriver.o
    0x20000167   0x08005c01   0x00000001   PAD
    0x20000168        -       0x000000f0   Zero   RW         2737    .bss                time.o
    0x20000258        -       0x00000108   Zero   RW         2799    .bss                protocol.o
    0x20000360        -       0x000000f0   Zero   RW         2978    .bss                wifidriver.o
    0x20000450        -       0x0000004c   Zero   RW         3173    .bss                speed.o
    0x2000049c        -       0x00000044   Zero   RW         3335    .bss                M8266WIFIDrv_STM32L1xx.lib(m8266wifidrv.o)
    0x200004e0        -       0x00000060   Zero   RW         3665    .bss                c_w.l(libspace.o)
    0x20000540        -       0x00000200   Zero   RW            2    HEAP                startup_stm32l152xc.o
    0x20000740        -       0x00000c00   Zero   RW            1    STACK               startup_stm32l152xc.o


==============================================================================

Image component sizes


      Code (inc. data)   RO Data    RW Data    ZI Data      Debug   Object Name

       106         14          0          4          0       2587   delay.o
       370         42          0          0         88       4803   m8266hostif_stm32xx.o
       284         22          0          0          0       3691   m8266wifi_ops.o
       180         60          0          0          0       7570   main.o
      1908        354          6         28        264      11826   protocol.o
       288         30          0          0         76       2699   speed.o
        64         26        292          0       3584        824   startup_stm32l152xc.o
       114         22          0          4          0     400657   stm32l1xx_hal.o
       204         14          0          0          0      28263   stm32l1xx_hal_cortex.o
       438         40          0          0          0       2979   stm32l1xx_hal_gpio.o
      2684        108          0          0          0       7136   stm32l1xx_hal_rcc.o
         2          0          0          0          0        974   stm32l1xx_hal_spi.o
       132          0          0          0          0       1039   stm32l1xx_hal_spi_ex.o
       550         24          0          0          0       6409   stm32l1xx_hal_tim.o
        80          0          0          0          0       1136   stm32l1xx_hal_tim_ex.o
      1188         20          0          0          0       4703   stm32l1xx_hal_uart.o
        26          0          0          0          0       4135   stm32l1xx_it.o
       256         28          0          0          0       2672   switch.o
       150          8          0          0          0       1511   sys.o
        80         18         33          4          0       1187   system_stm32l1xx.o
       252         38          0          1        240       3089   time.o
       316         28          0          0        167       4675   uartdriver.o
      2376        754          0         16        240      12378   wifidriver.o

    ----------------------------------------------------------------------
     12074       1650        364         60       4660     516943   Object Totals
         0          0         32          0          0          0   (incl. Generated)
        26          0          1          3          1          0   (incl. Padding)

    ----------------------------------------------------------------------

      Code (inc. data)   RO Data    RW Data    ZI Data      Debug   Library Member Name

      7114        196         34         41         68       4448   m8266wifidrv.o
         8          0          0          0          0         68   __main.o
         0          0          0          0          0          0   __rtentry.o
        12          0          0          0          0          0   __rtentry2.o
         6          0          0          0          0          0   __rtentry4.o
        52          8          0          0          0          0   __scatter.o
        26          0          0          0          0          0   __scatter_copy.o
        28          0          0          0          0          0   __scatter_zi.o
        10          0          0          0          0         68   defsig_exit.o
        50          0          0          0          0         88   defsig_general.o
        80         58          0          0          0         76   defsig_rtmem_inner.o
        14          0          0          0          0         80   defsig_rtmem_outer.o
        18          0          0          0          0         80   exit.o
        94          0          0          0          0         80   h1_alloc.o
        52          0          0          0          0         68   h1_extend.o
        78          0          0          0          0         80   h1_free.o
        14          0          0          0          0         84   h1_init.o
         6          0          0          0          0        152   heapauxi.o
         4          0          0          0          0        136   hguard.o
         0          0          0          0          0          0   indicate_semi.o
       138          0          0          0          0        168   init_alloc.o
         2          0          0          0          0          0   libinit.o
        10          0          0          0          0          0   libinit2.o
         2          0          0          0          0          0   libshutdown.o
         2          0          0          0          0          0   libshutdown2.o
         8          4          0          0         96         68   libspace.o
         0          0          0          0          0          0   maybetermalloc1.o
         8          4          0          0          0         68   rt_heap_descriptor_intlibspace.o
        68          0          0          0          0         68   rt_memclr.o
        78          0          0          0          0         80   rt_memclr_w.o
         2          0          0          0          0          0   rtexit.o
        10          0          0          0          0          0   rtexit2.o
       128          0          0          0          0         68   strcmpv7m.o
        12          4          0          0          0         68   sys_exit.o
        74          0          0          0          0         80   sys_stackheap_outer.o
        14          0          0          0          0         76   sys_wrch.o
         2          0          0          0          0         68   use_no_semi.o
        98          4          0          0          0         92   d2f.o
       804         16          0          0          0        272   daddsub_clz.o
        16          4          0          0          0         68   dcheck1.o
       688        140          0          0          0        208   ddiv.o
        38          0          0          0          0         68   dflt_clz.o
       340         12          0          0          0        104   dmul.o
       156          4          0          0          0         92   dnaninf.o
        12          0          0          0          0         68   dretinf.o
        86          4          0          0          0         84   f2d.o
        62          4          0          0          0         84   ffixu.o
        38          0          0          0          0         68   fflt_clz.o
       140          4          0          0          0         84   fnaninf.o
        10          0          0          0          0         68   fretinf.o
       100          0          0          0          0         68   retnan.o
        92          0          0          0          0         68   scalbn.o
        48          0          0          0          0         68   trapv.o
         0          0          0          0          0          0   usenofp.o

    ----------------------------------------------------------------------
     10978        466         36         44        164       7884   Library Totals
        26          0          2          3          0          0   (incl. Padding)

    ----------------------------------------------------------------------

      Code (inc. data)   RO Data    RW Data    ZI Data      Debug   Library Name

      7114        196         34         41         68       4448   M8266WIFIDrv_STM32L1xx.lib
      1110         78          0          0         96       1872   c_w.l
      2728        192          0          0          0       1564   fz_ws.l

    ----------------------------------------------------------------------
     10978        466         36         44        164       7884   Library Totals

    ----------------------------------------------------------------------

==============================================================================


      Code (inc. data)   RO Data    RW Data    ZI Data      Debug   

     23052       2116        400        104       4824     514943   Grand Totals
     23052       2116        400        104       4824     514943   ELF Image Totals
     23052       2116        400        104          0          0   ROM Totals

==============================================================================

    Total RO  Size (Code + RO Data)                23452 (  22.90kB)
    Total RW  Size (RW Data + ZI Data)              4928 (   4.81kB)
    Total ROM Size (Code + RO Data + RW Data)      23556 (  23.00kB)

==============================================================================

