<html>
<body>
<pre>
<h1>礦ision Build Log</h1>
<h2>Tool Versions:</h2>
IDE-Version: μVision V5.26.2.0
Copyright (C) 2018 ARM Ltd and ARM Germany GmbH. All rights reserved.
License Information: ADF Administrator, ADSF, LIC=NHYFW-Q9I88-REKH3-A0384-ZTP56-9K3QL
 
Tool Versions:
Toolchain:       MDK-ARM Professional  Version: 5.26.2.0
Toolchain Path:  D:\program\keil5\install\ARM\ARMCC\Bin
C Compiler:      Armcc.exe V5.06 update 6 (build 750)
Assembler:       Armasm.exe V5.06 update 6 (build 750)
Linker/Locator:  ArmLink.exe V5.06 update 6 (build 750)
Library Manager: ArmAr.exe V5.06 update 6 (build 750)
Hex Converter:   FromElf.exe V5.06 update 6 (build 750)
CPU DLL:         SARMCM3.DLL V5.26.2.0
Dialog DLL:      DCM.DLL V1.17.2.0
Target DLL:      Segger\JL2CM3.dll V2.99.31.0
Dialog DLL:      TCM.DLL V1.36.1.0
 
<h2>Project:</h2>
E:\公司文件\健身单车\代码_esp8266\STM32L1-M8266WIFI\USER\STM32L1-M8266WIFI.uvprojx
Project File Date:  04/23/2019

<h2>Output:</h2>
*** Using Compiler 'V5.06 update 6 (build 750)', folder: 'D:\program\keil5\install\ARM\ARMCC\Bin'
Rebuild target 'STM32L-M8266WIFI'
assembling startup_stm32l152xc.s...
compiling stm32l1xx_hal_pwr_ex.c...
compiling stm32l1xx_hal_flash.c...
compiling stm32l1xx_hal.c...
compiling stm32l1xx_hal_gpio.c...
compiling stm32l1xx_hal_spi_ex.c...
compiling stm32l1xx_hal_dma.c...
compiling stm32l1xx_hal_pwr.c...
compiling stm32l1xx_hal_cortex.c...
compiling stm32l1xx_hal_spi.c...
compiling stm32l1xx_hal_rcc.c...
compiling stm32l1xx_hal_flash_ex.c...
compiling test_m8266wifi.c...
compiling system_stm32l1xx.c...
compiling led.c...
compiling stm32l1xx_hal_uart.c...
compiling sys.c...
compiling stm32l1xx_hal_tim_ex.c...
compiling delay.c...
compiling M8266HostIf_STM32xx.c...
..\M8266WIFI\M8266HostIf_STM32xx.c(1057): warning:  #61-D: integer operation result is out of range
        M8266WIFI_SPI_nCS_GPIO->BSRR  = M8266WIFI_SPI_nCS_PIN<<16;		
..\M8266WIFI\M8266HostIf_STM32xx.c(1057): warning:  #68-D: integer conversion resulted in a change of sign
        M8266WIFI_SPI_nCS_GPIO->BSRR  = M8266WIFI_SPI_nCS_PIN<<16;		
..\M8266WIFI\M8266HostIf_STM32xx.c: 2 warnings, 0 errors
compiling M8266WIFI_ops.c...
compiling key.c...
compiling stm32l1xx_hal_tim.c...
compiling time.c...
compiling speed.c...
compiling switch.c...
compiling stm32l1xx_it.c...
stm32l1xx_it.c(180): warning:  #9-D: nested comment is not allowed
    /* USER CODE BEGIN SysTick_IRQn 0 */
stm32l1xx_it.c: 1 warning, 0 errors
compiling uartdriver.c...
compiling main.c...
compiling wifidriver.c...
compiling protocol.c...
linking...
Program Size: Code=23052 RO-data=400 RW-data=104 ZI-data=4824  
"..\OUTPUT\obj\STM321-M8266WIFI.axf" - 0 Error(s), 3 Warning(s).

<h2>Software Packages used:</h2>

Package Vendor: ARM
                http://www.keil.com/pack/ARM.CMSIS.5.4.0.pack
                ARM.CMSIS.5.4.0
                CMSIS (Cortex Microcontroller Software Interface Standard)
   * Component: CORE Version: 5.1.2

Package Vendor: Keil
                http://www.keil.com/pack/Keil.STM32L1xx_DFP.1.0.2.pack
                Keil.STM32L1xx_DFP.1.0.2
                STMicroelectronics STM32L1 Series Device Support and Examples

<h2>Collection of Component include folders:</h2>
  .\RTE\_STM32L-M8266WIFI
  D:\program\keil5\install\ARM\PACK\ARM\CMSIS\5.4.0\CMSIS\Core\Include
  D:\program\keil5\install\ARM\PACK\Keil\STM32L1xx_DFP\1.0.2\Device\Include

<h2>Collection of Component Files used:</h2>

   * Component: ARM::CMSIS:CORE:5.1.2
Build Time Elapsed:  00:00:06
</pre>
</body>
</html>
